Archive member included to satisfy reference by file (symbol)

C:/ST/STM32CubeIDE_1.16.1/STM32CubeIDE/plugins/com.st.stm32cube.ide.mcu.externaltools.gnu-tools-for-stm32.12.3.rel1.win32_1.0.200.202406191623/tools/bin/../lib/gcc/arm-none-eabi/12.3.1/../../../../arm-none-eabi/lib/thumb/v6-m/nofp\libc_nano.a(libc_a-exit.o)
                              C:/ST/STM32CubeIDE_1.16.1/STM32CubeIDE/plugins/com.st.stm32cube.ide.mcu.externaltools.gnu-tools-for-stm32.12.3.rel1.win32_1.0.200.202406191623/tools/bin/../lib/gcc/arm-none-eabi/12.3.1/../../../../arm-none-eabi/lib/thumb/v6-m/nofp/crt0.o (exit)
C:/ST/STM32CubeIDE_1.16.1/STM32CubeIDE/plugins/com.st.stm32cube.ide.mcu.externaltools.gnu-tools-for-stm32.12.3.rel1.win32_1.0.200.202406191623/tools/bin/../lib/gcc/arm-none-eabi/12.3.1/../../../../arm-none-eabi/lib/thumb/v6-m/nofp\libc_nano.a(libc_a-findfp.o)
                              C:/ST/STM32CubeIDE_1.16.1/STM32CubeIDE/plugins/com.st.stm32cube.ide.mcu.externaltools.gnu-tools-for-stm32.12.3.rel1.win32_1.0.200.202406191623/tools/bin/../lib/gcc/arm-none-eabi/12.3.1/../../../../arm-none-eabi/lib/thumb/v6-m/nofp\libc_nano.a(libc_a-exit.o) (__stdio_exit_handler)
C:/ST/STM32CubeIDE_1.16.1/STM32CubeIDE/plugins/com.st.stm32cube.ide.mcu.externaltools.gnu-tools-for-stm32.12.3.rel1.win32_1.0.200.202406191623/tools/bin/../lib/gcc/arm-none-eabi/12.3.1/../../../../arm-none-eabi/lib/thumb/v6-m/nofp\libc_nano.a(libc_a-fwalk.o)
                              C:/ST/STM32CubeIDE_1.16.1/STM32CubeIDE/plugins/com.st.stm32cube.ide.mcu.externaltools.gnu-tools-for-stm32.12.3.rel1.win32_1.0.200.202406191623/tools/bin/../lib/gcc/arm-none-eabi/12.3.1/../../../../arm-none-eabi/lib/thumb/v6-m/nofp\libc_nano.a(libc_a-findfp.o) (_fwalk_sglue)
C:/ST/STM32CubeIDE_1.16.1/STM32CubeIDE/plugins/com.st.stm32cube.ide.mcu.externaltools.gnu-tools-for-stm32.12.3.rel1.win32_1.0.200.202406191623/tools/bin/../lib/gcc/arm-none-eabi/12.3.1/../../../../arm-none-eabi/lib/thumb/v6-m/nofp\libc_nano.a(libc_a-stdio.o)
                              C:/ST/STM32CubeIDE_1.16.1/STM32CubeIDE/plugins/com.st.stm32cube.ide.mcu.externaltools.gnu-tools-for-stm32.12.3.rel1.win32_1.0.200.202406191623/tools/bin/../lib/gcc/arm-none-eabi/12.3.1/../../../../arm-none-eabi/lib/thumb/v6-m/nofp\libc_nano.a(libc_a-findfp.o) (__sread)
C:/ST/STM32CubeIDE_1.16.1/STM32CubeIDE/plugins/com.st.stm32cube.ide.mcu.externaltools.gnu-tools-for-stm32.12.3.rel1.win32_1.0.200.202406191623/tools/bin/../lib/gcc/arm-none-eabi/12.3.1/../../../../arm-none-eabi/lib/thumb/v6-m/nofp\libc_nano.a(libc_a-memset.o)
                              C:/ST/STM32CubeIDE_1.16.1/STM32CubeIDE/plugins/com.st.stm32cube.ide.mcu.externaltools.gnu-tools-for-stm32.12.3.rel1.win32_1.0.200.202406191623/tools/bin/../lib/gcc/arm-none-eabi/12.3.1/../../../../arm-none-eabi/lib/thumb/v6-m/nofp/crt0.o (memset)
C:/ST/STM32CubeIDE_1.16.1/STM32CubeIDE/plugins/com.st.stm32cube.ide.mcu.externaltools.gnu-tools-for-stm32.12.3.rel1.win32_1.0.200.202406191623/tools/bin/../lib/gcc/arm-none-eabi/12.3.1/../../../../arm-none-eabi/lib/thumb/v6-m/nofp\libc_nano.a(libc_a-closer.o)
                              C:/ST/STM32CubeIDE_1.16.1/STM32CubeIDE/plugins/com.st.stm32cube.ide.mcu.externaltools.gnu-tools-for-stm32.12.3.rel1.win32_1.0.200.202406191623/tools/bin/../lib/gcc/arm-none-eabi/12.3.1/../../../../arm-none-eabi/lib/thumb/v6-m/nofp\libc_nano.a(libc_a-stdio.o) (_close_r)
C:/ST/STM32CubeIDE_1.16.1/STM32CubeIDE/plugins/com.st.stm32cube.ide.mcu.externaltools.gnu-tools-for-stm32.12.3.rel1.win32_1.0.200.202406191623/tools/bin/../lib/gcc/arm-none-eabi/12.3.1/../../../../arm-none-eabi/lib/thumb/v6-m/nofp\libc_nano.a(libc_a-reent.o)
                              C:/ST/STM32CubeIDE_1.16.1/STM32CubeIDE/plugins/com.st.stm32cube.ide.mcu.externaltools.gnu-tools-for-stm32.12.3.rel1.win32_1.0.200.202406191623/tools/bin/../lib/gcc/arm-none-eabi/12.3.1/../../../../arm-none-eabi/lib/thumb/v6-m/nofp\libc_nano.a(libc_a-closer.o) (errno)
C:/ST/STM32CubeIDE_1.16.1/STM32CubeIDE/plugins/com.st.stm32cube.ide.mcu.externaltools.gnu-tools-for-stm32.12.3.rel1.win32_1.0.200.202406191623/tools/bin/../lib/gcc/arm-none-eabi/12.3.1/../../../../arm-none-eabi/lib/thumb/v6-m/nofp\libc_nano.a(libc_a-impure.o)
                              C:/ST/STM32CubeIDE_1.16.1/STM32CubeIDE/plugins/com.st.stm32cube.ide.mcu.externaltools.gnu-tools-for-stm32.12.3.rel1.win32_1.0.200.202406191623/tools/bin/../lib/gcc/arm-none-eabi/12.3.1/../../../../arm-none-eabi/lib/thumb/v6-m/nofp\libc_nano.a(libc_a-reent.o) (_impure_ptr)
C:/ST/STM32CubeIDE_1.16.1/STM32CubeIDE/plugins/com.st.stm32cube.ide.mcu.externaltools.gnu-tools-for-stm32.12.3.rel1.win32_1.0.200.202406191623/tools/bin/../lib/gcc/arm-none-eabi/12.3.1/../../../../arm-none-eabi/lib/thumb/v6-m/nofp\libc_nano.a(libc_a-lseekr.o)
[...]
Memory Configuration

Name             Origin             Length             Attributes
RAM              0x20000000         0x00009000         xrw
FLASH            0x08000000         0x00010000         xr
*default*        0x00000000         0xffffffff

Linker script and memory map

LOAD C:/ST/STM32CubeIDE_1.16.1/STM32CubeIDE/plugins/com.st.stm32cube.ide.mcu.externaltools.gnu-tools-for-stm32.12.3.rel1.win32_1.0.200.202406191623/tools/bin/../lib/gcc/arm-none-eabi/12.3.1/thumb/v6-m/nofp/crti.o
LOAD C:/ST/STM32CubeIDE_1.16.1/STM32CubeIDE/plugins/com.st.stm32cube.ide.mcu.externaltools.gnu-tools-for-stm32.12.3.rel1.win32_1.0.200.202406191623/tools/bin/../lib/gcc/arm-none-eabi/12.3.1/thumb/v6-m/nofp/crtbegin.o
LOAD C:/ST/STM32CubeIDE_1.16.1/STM32CubeIDE/plugins/com.st.stm32cube.ide.mcu.externaltools.gnu-tools-for-stm32.12.3.rel1.win32_1.0.200.202406191623/tools/bin/../lib/gcc/arm-none-eabi/12.3.1/../../../../arm-none-eabi/lib/thumb/v6-m/nofp/crt0.o
LOAD ./Core/Src/adapter.o
LOAD ./Core/Src/button.o
LOAD ./Core/Src/diks.o
LOAD ./Core/Src/i2c.o
LOAD ./Core/Src/led.o
LOAD ./Core/Src/main.o
LOAD ./Core/Src/stm32g0xx_hal_msp.o
LOAD ./Core/Src/stm32g0xx_it.o
LOAD ./Core/Src/syscalls.o
LOAD ./Core/Src/sysmem.o
LOAD ./Core/Src/system_stm32g0xx.o
LOAD ./Core/Src/temperature.o
LOAD ./Core/Startup/startup_stm32g071r8tx.o
LOAD ./Drivers/STM32G0xx_HAL_Driver/Src/stm32g0xx_hal.o
LOAD ./Drivers/STM32G0xx_HAL_Driver/Src/stm32g0xx_hal_cortex.o
LOAD ./Drivers/STM32G0xx_HAL_Driver/Src/stm32g0xx_hal_dma.o
LOAD ./Drivers/STM32G0xx_HAL_Driver/Src/stm32g0xx_hal_dma_ex.o
LOAD ./Drivers/STM32G0xx_HAL_Driver/Src/stm32g0xx_hal_exti.o
LOAD ./Drivers/STM32G0xx_HAL_Driver/Src/stm32g0xx_hal_flash.o
LOAD ./Drivers/STM32G0xx_HAL_Driver/Src/stm32g0xx_hal_flash_ex.o
LOAD ./Drivers/STM32G0xx_HAL_Driver/Src/stm32g0xx_hal_gpio.o
LOAD ./Drivers/STM32G0xx_HAL_Driver/Src/stm32g0xx_hal_i2c.o
LOAD ./Drivers/STM32G0xx_HAL_Driver/Src/stm32g0xx_hal_i2c_ex.o
LOAD ./Drivers/STM32G0xx_HAL_Driver/Src/stm32g0xx_hal_pwr.o
LOAD ./Drivers/STM32G0xx_HAL_Driver/Src/stm32g0xx_hal_pwr_ex.o
LOAD ./Drivers/STM32G0xx_HAL_Driver/Src/stm32g0xx_hal_rcc.o
LOAD ./Drivers/STM32G0xx_HAL_Driver/Src/stm32g0xx_hal_rcc_ex.o
LOAD ./Drivers/STM32G0xx_HAL_Driver/Src/stm32g0xx_hal_tim.o
LOAD ./Drivers/STM32G0xx_HAL_Driver/Src/stm32g0xx_hal_tim_ex.o
LOAD ./Drivers/STM32G0xx_HAL_Driver/Src/stm32g0xx_ll_rcc.o
START GROUP
LOAD C:/ST/STM32CubeIDE_1.16.1/STM32CubeIDE/plugins/com.st.stm32cube.ide.mcu.externaltools.gnu-tools-for-stm32.12.3.rel1.win32_1.0.200.202406191623/tools/bin/../lib/gcc/arm-none-eabi/12.3.1/../../../../arm-none-eabi/lib/thumb/v6-m/nofp\libc_nano.a
LOAD C:/ST/STM32CubeIDE_1.16.1/STM32CubeIDE/plugins/com.st.stm32cube.ide.mcu.externaltools.gnu-tools-for-stm32.12.3.rel1.win32_1.0.200.202406191623/tools/bin/../lib/gcc/arm-none-eabi/12.3.1/../../../../arm-none-eabi/lib/thumb/v6-m/nofp\libm.a
END GROUP
START GROUP
LOAD C:/ST/STM32CubeIDE_1.16.1/STM32CubeIDE/plugins/com.st.stm32cube.ide.mcu.externaltools.gnu-tools-for-stm32.12.3.rel1.win32_1.0.200.202406191623/tools/bin/../lib/gcc/arm-none-eabi/12.3.1/thumb/v6-m/nofp\libgcc.a
LOAD C:/ST/STM32CubeIDE_1.16.1/STM32CubeIDE/plugins/com.st.stm32cube.ide.mcu.externaltools.gnu-tools-for-stm32.12.3.rel1.win32_1.0.200.202406191623/tools/bin/../lib/gcc/arm-none-eabi/12.3.1/../../../../arm-none-eabi/lib/thumb/v6-m/nofp\libc_nano.a
END GROUP
START GROUP
LOAD C:/ST/STM32CubeIDE_1.16.1/STM32CubeIDE/plugins/com.st.stm32cube.ide.mcu.externaltools.gnu-tools-for-stm32.12.3.rel1.win32_1.0.200.202406191623/tools/bin/../lib/gcc/arm-none-eabi/12.3.1/thumb/v6-m/nofp\libgcc.a
LOAD C:/ST/STM32CubeIDE_1.16.1/STM32CubeIDE/plugins/com.st.stm32cube.ide.mcu.externaltools.gnu-tools-for-stm32.12.3.rel1.win32_1.0.200.202406191623/tools/bin/../lib/gcc/arm-none-eabi/12.3.1/../../../../arm-none-eabi/lib/thumb/v6-m/nofp\libc_nano.a
LOAD C:/ST/STM32CubeIDE_1.16.1/STM32CubeIDE/plugins/com.st.stm32cube.ide.mcu.externaltools.gnu-tools-for-stm32.12.3.rel1.win32_1.0.200.202406191623/tools/bin/../lib/gcc/arm-none-eabi/12.3.1/../../../../arm-none-eabi/lib/thumb/v6-m/nofp\libnosys.a
END GROUP
START GROUP
LOAD C:/ST/STM32CubeIDE_1.16.1/STM32CubeIDE/plugins/com.st.stm32cube.ide.mcu.externaltools.gnu-tools-for-stm32.12.3.rel1.win32_1.0.200.202406191623/tools/bin/../lib/gcc/arm-none-eabi/12.3.1/thumb/v6-m/nofp\libgcc.a
LOAD C:/ST/STM32CubeIDE_1.16.1/STM32CubeIDE/plugins/com.st.stm32cube.ide.mcu.externaltools.gnu-tools-for-stm32.12.3.rel1.win32_1.0.200.202406191623/tools/bin/../lib/gcc/arm-none-eabi/12.3.1/../../../../arm-none-eabi/lib/thumb/v6-m/nofp\libc_nano.a
LOAD C:/ST/STM32CubeIDE_1.16.1/STM32CubeIDE/plugins/com.st.stm32cube.ide.mcu.externaltools.gnu-tools-for-stm32.12.3.rel1.win32_1.0.200.202406191623/tools/bin/../lib/gcc/arm-none-eabi/12.3.1/../../../../arm-none-eabi/lib/thumb/v6-m/nofp\libnosys.a
END GROUP
LOAD C:/ST/STM32CubeIDE_1.16.1/STM32CubeIDE/plugins/com.st.stm32cube.ide.mcu.externaltools.gnu-tools-for-stm32.12.3.rel1.win32_1.0.200.202406191623/tools/bin/../lib/gcc/arm-none-eabi/12.3.1/thumb/v6-m/nofp/crtend.o
LOAD C:/ST/STM32CubeIDE_1.16.1/STM32CubeIDE/plugins/com.st.stm32cube.ide.mcu.externaltools.gnu-tools-for-stm32.12.3.rel1.win32_1.0.200.202406191623/tools/bin/../lib/gcc/arm-none-eabi/12.3.1/thumb/v6-m/nofp/crtn.o
                0x20009000                        _estack = (ORIGIN (RAM) + LENGTH (RAM))
                0x00000200                        _Min_Heap_Size = 0x200
                0x00000400                        _Min_Stack_Size = 0x400

.isr_vector     0x08000000       0xbc
                0x08000000                        . = ALIGN (0x4)
 *(.isr_vector)
 .isr_vector    0x08000000       0xbc ./Core/Startup/startup_stm32g071r8tx.o
                0x08000000                g_pfnVectors
                0x080000bc                        . = ALIGN (0x4)

.text           0x080000bc     0x6640
                0x080000bc                        . = ALIGN (0x4)
 *(.text)
 .text          0x080000bc       0x48 C:/ST/STM32CubeIDE_1.16.1/STM32CubeIDE/plugins/com.st.stm32cube.ide.mcu.externaltools.gnu-tools-for-stm32.12.3.rel1.win32_1.0.200.202406191623/tools/bin/../lib/gcc/arm-none-eabi/12.3.1/thumb/v6-m/nofp/crtbegin.o
 .text          0x08000104      0x114 C:/ST/STM32CubeIDE_1.16.1/STM32CubeIDE/plugins/com.st.stm32cube.ide.mcu.externaltools.gnu-tools-for-stm32.12.3.rel1.win32_1.0.200.202406191623/tools/bin/../lib/gcc/arm-none-eabi/12.3.1/thumb/v6-m/nofp\libgcc.a(_udivsi3.o)
                0x08000104                __aeabi_uidiv
                0x08000104                __udivsi3
                0x08000210                __aeabi_uidivmod
 .text          0x08000218        0x4 C:/ST/STM32CubeIDE_1.16.1/STM32CubeIDE/plugins/com.st.stm32cube.ide.mcu.externaltools.gnu-tools-for-stm32.12.3.rel1.win32_1.0.200.202406191623/tools/bin/../lib/gcc/arm-none-eabi/12.3.1/thumb/v6-m/nofp\libgcc.a(_dvmd_tls.o)
                0x08000218                __aeabi_idiv0
                0x08000218                __aeabi_ldiv0
 *(.text*)
 .text.PowerOnAdapter
                0x0800021c      0x1c4 ./Core/Src/adapter.o
                0x0800021c                PowerOnAdapter
 .text.PowerOffAdapter
                0x080003e0      0x160 ./Core/Src/adapter.o
                0x080003e0                PowerOffAdapter
 .text.HardResetAdapter
                0x08000540      0x128 ./Core/Src/adapter.o
                0x08000540                HardResetAdapter
 .text.UpdateCPU_PSON
                0x08000668      0x204 ./Core/Src/adapter.o
                0x08000668                UpdateCPU_PSON
 .text.HandleButtons
                0x0800086c       0x34 ./Core/Src/button.o
                0x0800086c                HandleButtons
 .text.ProcessButton
                0x080008a0      0x12c ./Core/Src/button.o
                0x080008a0                ProcessButton
 .text.ButtonAction
                0x080009cc       0x8c ./Core/Src/button.o
                0x080009cc                ButtonAction
 .text.Read_disks_connected
                0x08000a58      0x3e4 ./Core/Src/diks.o
                0x08000a58                Read_disks_connected
 .text.Set_devslp
                0x08000e3c      0x134 ./Core/Src/diks.o
                0x08000e3c                Set_devslp
 .text.Initialize_Disks
                0x08000f70       0x5c ./Core/Src/diks.o
                0x08000f70                Initialize_Disks
 .text.UpdateDiskStatus
                0x08000fcc       0x68 ./Core/Src/diks.o
                0x08000fcc                UpdateDiskStatus
 .text.Read_Disk_Status
                0x08001034      0x200 ./Core/Src/diks.o
                0x08001034                Read_Disk_Status
 .text.Decode_Disk_Status
                0x08001234      0x228 ./Core/Src/diks.o
                0x08001234                Decode_Disk_Status
 .text.ResetBus
                0x0800145c       0xe8 ./Core/Src/i2c.o
                0x0800145c                ResetBus
 .text.Read_Register
                0x08001544       0x58 ./Core/Src/i2c.o
                0x08001544                Read_Register
 .text.Set_Led_On
                0x0800159c       0x4c ./Core/Src/led.o
                0x0800159c                Set_Led_On
 .text.Set_Led_Off
                0x080015e8       0x4c ./Core/Src/led.o
                0x080015e8                Set_Led_Off
 .text.LED_Init
                0x08001634       0xd0 ./Core/Src/led.o
                0x08001634                LED_Init
 .text.Set_Led  0x08001704       0xd0 ./Core/Src/led.o
                0x08001704                Set_Led
 .text.UpdateLEDStates
                0x080017d4      0x50c ./Core/Src/led.o
                0x080017d4                UpdateLEDStates
 .text.UpdateLEDs
                0x08001ce0       0xf8 ./Core/Src/led.o
                0x08001ce0                UpdateLEDs
 .text.StartBlinking
                0x08001dd8       0x48 ./Core/Src/led.o
                0x08001dd8                StartBlinking
 .text.ProcessCondition
                0x08001e20       0x98 ./Core/Src/main.o
                0x08001e20                ProcessCondition
 .text.main     0x08001eb8       0x80 ./Core/Src/main.o
                0x08001eb8                main
 .text.SystemClock_Config
                0x08001f38       0xb4 ./Core/Src/main.o
                0x08001f38                SystemClock_Config
 .text.MX_NVIC_Init
                0x08001fec       0x5a ./Core/Src/main.o
 *fill*         0x08002046        0x2 
 .text.MX_I2C2_Init
                0x08002048       0x80 ./Core/Src/main.o
 .text.MX_TIM1_Init
                0x080020c8       0xb8 ./Core/Src/main.o
 .text.MX_TIM2_Init
                0x08002180       0xac ./Core/Src/main.o
 .text.MX_TIM3_Init
                0x0800222c       0xb0 ./Core/Src/main.o
 .text.MX_DMA_Init
                0x080022dc       0x2c ./Core/Src/main.o
 .text.MX_GPIO_Init
                0x08002308      0x254 ./Core/Src/main.o
 .text.HAL_TIM_PeriodElapsedCallback
                0x0800255c      0x164 ./Core/Src/main.o
                0x0800255c                HAL_TIM_PeriodElapsedCallback
 .text.Error_Handler
                0x080026c0        0xc ./Core/Src/main.o
                0x080026c0                Error_Handler
 .text.HAL_MspInit
                0x080026cc       0x48 ./Core/Src/stm32g0xx_hal_msp.o
                0x080026cc                HAL_MspInit
 .text.HAL_I2C_MspInit
                0x08002714      0x150 ./Core/Src/stm32g0xx_hal_msp.o
                0x08002714                HAL_I2C_MspInit
 .text.HAL_TIM_Base_MspInit
                0x08002864       0xcc ./Core/Src/stm32g0xx_hal_msp.o
                0x08002864                HAL_TIM_Base_MspInit
 .text.NMI_Handler
                0x08002930        0xc ./Core/Src/stm32g0xx_it.o
                0x08002930                NMI_Handler
 .text.HardFault_Handler
                0x0800293c        0x8 ./Core/Src/stm32g0xx_it.o
                0x0800293c                HardFault_Handler
 .text.SVC_Handler
                0x08002944        0xa ./Core/Src/stm32g0xx_it.o
                0x08002944                SVC_Handler
 .text.PendSV_Handler
                0x0800294e        0xa ./Core/Src/stm32g0xx_it.o
                0x0800294e                PendSV_Handler
 .text.SysTick_Handler
                0x08002958        0xe ./Core/Src/stm32g0xx_it.o
                0x08002958                SysTick_Handler
 *fill*         0x08002966        0x2 
 .text.DMA1_Channel1_IRQHandler
                0x08002968       0x18 ./Core/Src/stm32g0xx_it.o
                0x08002968                DMA1_Channel1_IRQHandler
 .text.DMA1_Channel2_3_IRQHandler
                0x08002980       0x18 ./Core/Src/stm32g0xx_it.o
                0x08002980                DMA1_Channel2_3_IRQHandler
 .text.TIM1_BRK_UP_TRG_COM_IRQHandler
                0x08002998       0x18 ./Core/Src/stm32g0xx_it.o
                0x08002998                TIM1_BRK_UP_TRG_COM_IRQHandler
 .text.TIM2_IRQHandler
                0x080029b0       0x18 ./Core/Src/stm32g0xx_it.o
                0x080029b0                TIM2_IRQHandler
 .text.TIM3_IRQHandler
                0x080029c8       0x18 ./Core/Src/stm32g0xx_it.o
                0x080029c8                TIM3_IRQHandler
 .text.I2C2_IRQHandler
                0x080029e0       0x30 ./Core/Src/stm32g0xx_it.o
                0x080029e0                I2C2_IRQHandler
 .text.SystemInit
                0x08002a10        0xa ./Core/Src/system_stm32g0xx.o
                0x08002a10                SystemInit
 *fill*         0x08002a1a        0x2 
 .text.Reset_Handler
                0x08002a1c       0x50 ./Core/Startup/startup_stm32g071r8tx.o
                0x08002a1c                Reset_Handler
 .text.Default_Handler
                0x08002a6c        0x2 ./Core/Startup/startup_stm32g071r8tx.o
                0x08002a6c                USART3_4_LPUART1_IRQHandler
                0x08002a6c                TIM1_CC_IRQHandler
                0x08002a6c                ADC1_COMP_IRQHandler
                0x08002a6c                PVD_IRQHandler
                0x08002a6c                I2C1_IRQHandler
                0x08002a6c                TIM7_LPTIM2_IRQHandler
                0x08002a6c                RTC_TAMP_IRQHandler
                0x08002a6c                SPI1_IRQHandler
                0x08002a6c                EXTI2_3_IRQHandler
                0x08002a6c                TIM17_IRQHandler
                0x08002a6c                TIM16_IRQHandler
                0x08002a6c                EXTI4_15_IRQHandler
                0x08002a6c                RCC_IRQHandler
                0x08002a6c                Default_Handler
                0x08002a6c                CEC_IRQHandler
                0x08002a6c                TIM14_IRQHandler
                0x08002a6c                TIM15_IRQHandler
                0x08002a6c                EXTI0_1_IRQHandler
                0x08002a6c                SPI2_IRQHandler
                0x08002a6c                TIM6_DAC_LPTIM1_IRQHandler
                0x08002a6c                WWDG_IRQHandler
                0x08002a6c                DMA1_Ch4_7_DMAMUX1_OVR_IRQHandler
                0x08002a6c                UCPD1_2_IRQHandler
                0x08002a6c                USART2_IRQHandler
                0x08002a6c                FLASH_IRQHandler
                0x08002a6c                USART1_IRQHandler
 *fill*         0x08002a6e        0x2 
 .text.HAL_Init
                0x08002a70       0x40 ./Drivers/STM32G0xx_HAL_Driver/Src/stm32g0xx_hal.o
                0x08002a70                HAL_Init
 .text.HAL_InitTick
                0x08002ab0       0x94 ./Drivers/STM32G0xx_HAL_Driver/Src/stm32g0xx_hal.o
                0x08002ab0                HAL_InitTick
 .text.HAL_IncTick
                0x08002b44       0x24 ./Drivers/STM32G0xx_HAL_Driver/Src/stm32g0xx_hal.o
                0x08002b44                HAL_IncTick
 .text.HAL_GetTick
                0x08002b68       0x14 ./Drivers/STM32G0xx_HAL_Driver/Src/stm32g0xx_hal.o
                0x08002b68                HAL_GetTick
 .text.HAL_Delay
                0x08002b7c       0x48 ./Drivers/STM32G0xx_HAL_Driver/Src/stm32g0xx_hal.o
                0x08002b7c                HAL_Delay
 .text.__NVIC_EnableIRQ
                0x08002bc4       0x34 ./Drivers/STM32G0xx_HAL_Driver/Src/stm32g0xx_hal_cortex.o
 .text.__NVIC_SetPriority
                0x08002bf8       0xdc ./Drivers/STM32G0xx_HAL_Driver/Src/stm32g0xx_hal_cortex.o
 .text.SysTick_Config
                0x08002cd4       0x48 ./Drivers/STM32G0xx_HAL_Driver/Src/stm32g0xx_hal_cortex.o
 .text.HAL_NVIC_SetPriority
                0x08002d1c       0x2a ./Drivers/STM32G0xx_HAL_Driver/Src/stm32g0xx_hal_cortex.o
                0x08002d1c                HAL_NVIC_SetPriority
 .text.HAL_NVIC_EnableIRQ
                0x08002d46       0x20 ./Drivers/STM32G0xx_HAL_Driver/Src/stm32g0xx_hal_cortex.o
                0x08002d46                HAL_NVIC_EnableIRQ
 .text.HAL_SYSTICK_Config
                0x08002d66       0x1a ./Drivers/STM32G0xx_HAL_Driver/Src/stm32g0xx_hal_cortex.o
                0x08002d66                HAL_SYSTICK_Config
 .text.HAL_DMA_Init
                0x08002d80      0x114 ./Drivers/STM32G0xx_HAL_Driver/Src/stm32g0xx_hal_dma.o
                0x08002d80                HAL_DMA_Init
 .text.HAL_DMA_Abort_IT
                0x08002e94       0xd4 ./Drivers/STM32G0xx_HAL_Driver/Src/stm32g0xx_hal_dma.o
                0x08002e94                HAL_DMA_Abort_IT
 .text.HAL_DMA_IRQHandler
                0x08002f68      0x164 ./Drivers/STM32G0xx_HAL_Driver/Src/stm32g0xx_hal_dma.o
                0x08002f68                HAL_DMA_IRQHandler
 .text.HAL_DMA_GetState
                0x080030cc       0x18 ./Drivers/STM32G0xx_HAL_Driver/Src/stm32g0xx_hal_dma.o
                0x080030cc                HAL_DMA_GetState
 .text.DMA_CalcDMAMUXChannelBaseAndMask
                0x080030e4       0x58 ./Drivers/STM32G0xx_HAL_Driver/Src/stm32g0xx_hal_dma.o
 .text.DMA_CalcDMAMUXRequestGenBaseAndMask
                0x0800313c       0x48 ./Drivers/STM32G0xx_HAL_Driver/Src/stm32g0xx_hal_dma.o
 .text.HAL_GPIO_Init
                0x08003184      0x2c8 ./Drivers/STM32G0xx_HAL_Driver/Src/stm32g0xx_hal_gpio.o
                0x08003184                HAL_GPIO_Init
 .text.HAL_GPIO_ReadPin
                0x0800344c       0x3a ./Drivers/STM32G0xx_HAL_Driver/Src/stm32g0xx_hal_gpio.o
                0x0800344c                HAL_GPIO_ReadPin
 .text.HAL_GPIO_WritePin
                0x08003486       0x3a ./Drivers/STM32G0xx_HAL_Driver/Src/stm32g0xx_hal_gpio.o
                0x08003486                HAL_GPIO_WritePin
 .text.HAL_I2C_Init
                0x080034c0      0x14c ./Drivers/STM32G0xx_HAL_Driver/Src/stm32g0xx_hal_i2c.o
                0x080034c0                HAL_I2C_Init
 .text.HAL_I2C_Master_Transmit
                0x0800360c      0x254 ./Drivers/STM32G0xx_HAL_Driver/Src/stm32g0xx_hal_i2c.o
                0x0800360c                HAL_I2C_Master_Transmit
 .text.HAL_I2C_Master_Receive
                0x08003860      0x210 ./Drivers/STM32G0xx_HAL_Driver/Src/stm32g0xx_hal_i2c.o
                0x08003860                HAL_I2C_Master_Receive
 .text.HAL_I2C_IsDeviceReady
                0x08003a70      0x1f8 ./Drivers/STM32G0xx_HAL_Driver/Src/stm32g0xx_hal_i2c.o
                0x08003a70                HAL_I2C_IsDeviceReady
 .text.HAL_I2C_EV_IRQHandler
                0x08003c68       0x34 ./Drivers/STM32G0xx_HAL_Driver/Src/stm32g0xx_hal_i2c.o
                0x08003c68                HAL_I2C_EV_IRQHandler
 .text.HAL_I2C_ER_IRQHandler
                0x08003c9c       0xb2 ./Drivers/STM32G0xx_HAL_Driver/Src/stm32g0xx_hal_i2c.o
                0x08003c9c                HAL_I2C_ER_IRQHandler
 .text.HAL_I2C_SlaveTxCpltCallback
                0x08003d4e       0x10 ./Drivers/STM32G0xx_HAL_Driver/Src/stm32g0xx_hal_i2c.o
                0x08003d4e                HAL_I2C_SlaveTxCpltCallback
 .text.HAL_I2C_SlaveRxCpltCallback
                0x08003d5e       0x10 ./Drivers/STM32G0xx_HAL_Driver/Src/stm32g0xx_hal_i2c.o
                0x08003d5e                HAL_I2C_SlaveRxCpltCallback
 .text.HAL_I2C_AddrCallback
                0x08003d6e       0x20 ./Drivers/STM32G0xx_HAL_Driver/Src/stm32g0xx_hal_i2c.o
                0x08003d6e                HAL_I2C_AddrCallback
 .text.HAL_I2C_ListenCpltCallback
                0x08003d8e       0x10 ./Drivers/STM32G0xx_HAL_Driver/Src/stm32g0xx_hal_i2c.o
                0x08003d8e                HAL_I2C_ListenCpltCallback
 .text.HAL_I2C_ErrorCallback
                0x08003d9e       0x10 ./Drivers/STM32G0xx_HAL_Driver/Src/stm32g0xx_hal_i2c.o
                0x08003d9e                HAL_I2C_ErrorCallback
 .text.HAL_I2C_AbortCpltCallback
                0x08003dae       0x10 ./Drivers/STM32G0xx_HAL_Driver/Src/stm32g0xx_hal_i2c.o
                0x08003dae                HAL_I2C_AbortCpltCallback
 *fill*         0x08003dbe        0x2 
 .text.I2C_Slave_ISR_IT
                0x08003dc0      0x200 ./Drivers/STM32G0xx_HAL_Driver/Src/stm32g0xx_hal_i2c.o
 .text.I2C_ITAddrCplt
                0x08003fc0      0x148 ./Drivers/STM32G0xx_HAL_Driver/Src/stm32g0xx_hal_i2c.o
 .text.I2C_ITSlaveSeqCplt
                0x08004108       0xc8 ./Drivers/STM32G0xx_HAL_Driver/Src/stm32g0xx_hal_i2c.o
 .text.I2C_ITSlaveCplt
                0x080041d0      0x310 ./Drivers/STM32G0xx_HAL_Driver/Src/stm32g0xx_hal_i2c.o
 .text.I2C_ITListenCplt
                0x080044e0       0xb0 ./Drivers/STM32G0xx_HAL_Driver/Src/stm32g0xx_hal_i2c.o
 .text.I2C_ITError
                0x08004590      0x204 ./Drivers/STM32G0xx_HAL_Driver/Src/stm32g0xx_hal_i2c.o
 .text.I2C_TreatErrorCallback
                0x08004794       0x52 ./Drivers/STM32G0xx_HAL_Driver/Src/stm32g0xx_hal_i2c.o
 .text.I2C_Flush_TXDR
                0x080047e6       0x44 ./Drivers/STM32G0xx_HAL_Driver/Src/stm32g0xx_hal_i2c.o
 .text.I2C_DMAAbort
                0x0800482a       0x3e ./Drivers/STM32G0xx_HAL_Driver/Src/stm32g0xx_hal_i2c.o
 .text.I2C_WaitOnFlagUntilTimeout
                0x08004868       0xb0 ./Drivers/STM32G0xx_HAL_Driver/Src/stm32g0xx_hal_i2c.o
 .text.I2C_WaitOnTXISFlagUntilTimeout
                0x08004918       0x8c ./Drivers/STM32G0xx_HAL_Driver/Src/stm32g0xx_hal_i2c.o
 .text.I2C_WaitOnSTOPFlagUntilTimeout
                0x080049a4       0x86 ./Drivers/STM32G0xx_HAL_Driver/Src/stm32g0xx_hal_i2c.o
 *fill*         0x08004a2a        0x2 
 .text.I2C_WaitOnRXNEFlagUntilTimeout
                0x08004a2c      0x13c ./Drivers/STM32G0xx_HAL_Driver/Src/stm32g0xx_hal_i2c.o
 .text.I2C_IsErrorOccurred
                0x08004b68      0x1f0 ./Drivers/STM32G0xx_HAL_Driver/Src/stm32g0xx_hal_i2c.o
 .text.I2C_TransferConfig
                0x08004d58       0x74 ./Drivers/STM32G0xx_HAL_Driver/Src/stm32g0xx_hal_i2c.o
 .text.I2C_Disable_IRQ
                0x08004dcc       0xc6 ./Drivers/STM32G0xx_HAL_Driver/Src/stm32g0xx_hal_i2c.o
 *fill*         0x08004e92        0x2 
 .text.HAL_I2CEx_ConfigAnalogFilter
                0x08004e94       0x98 ./Drivers/STM32G0xx_HAL_Driver/Src/stm32g0xx_hal_i2c_ex.o
                0x08004e94                HAL_I2CEx_ConfigAnalogFilter
 .text.HAL_I2CEx_ConfigDigitalFilter
                0x08004f2c       0x98 ./Drivers/STM32G0xx_HAL_Driver/Src/stm32g0xx_hal_i2c_ex.o
                0x08004f2c                HAL_I2CEx_ConfigDigitalFilter
 .text.HAL_PWREx_ControlVoltageScaling
                0x08004fc4       0x80 ./Drivers/STM32G0xx_HAL_Driver/Src/stm32g0xx_hal_pwr_ex.o
                0x08004fc4                HAL_PWREx_ControlVoltageScaling
 .text.HAL_RCC_OscConfig
                0x08005044      0x634 ./Drivers/STM32G0xx_HAL_Driver/Src/stm32g0xx_hal_rcc.o
                0x08005044                HAL_RCC_OscConfig
 .text.HAL_RCC_ClockConfig
                0x08005678      0x210 ./Drivers/STM32G0xx_HAL_Driver/Src/stm32g0xx_hal_rcc.o
                0x08005678                HAL_RCC_ClockConfig
 .text.HAL_RCC_GetSysClockFreq
                0x08005888      0x104 ./Drivers/STM32G0xx_HAL_Driver/Src/stm32g0xx_hal_rcc.o
                0x08005888                HAL_RCC_GetSysClockFreq
 .text.HAL_RCC_EnableCSS
                0x0800598c       0x1c ./Drivers/STM32G0xx_HAL_Driver/Src/stm32g0xx_hal_rcc.o
                0x0800598c                HAL_RCC_EnableCSS
 .text.HAL_RCC_NMI_IRQHandler
                0x080059a8       0x40 ./Drivers/STM32G0xx_HAL_Driver/Src/stm32g0xx_hal_rcc.o
                0x080059a8                HAL_RCC_NMI_IRQHandler
 .text.HAL_RCC_CSSCallback
                0x080059e8        0xa ./Drivers/STM32G0xx_HAL_Driver/Src/stm32g0xx_hal_rcc.o
                0x080059e8                HAL_RCC_CSSCallback
 .text.HAL_RCC_LSECSSCallback
                0x080059f2        0xa ./Drivers/STM32G0xx_HAL_Driver/Src/stm32g0xx_hal_rcc.o
                0x080059f2                HAL_RCC_LSECSSCallback
 .text.HAL_RCCEx_PeriphCLKConfig
                0x080059fc      0x370 ./Drivers/STM32G0xx_HAL_Driver/Src/stm32g0xx_hal_rcc_ex.o
                0x080059fc                HAL_RCCEx_PeriphCLKConfig
 .text.HAL_TIM_Base_Init
                0x08005d6c       0xb0 ./Drivers/STM32G0xx_HAL_Driver/Src/stm32g0xx_hal_tim.o
                0x08005d6c                HAL_TIM_Base_Init
 .text.HAL_TIM_Base_Start_IT
                0x08005e1c       0xb8 ./Drivers/STM32G0xx_HAL_Driver/Src/stm32g0xx_hal_tim.o
                0x08005e1c                HAL_TIM_Base_Start_IT
 .text.HAL_TIM_Base_Stop_IT
                0x08005ed4       0x5c ./Drivers/STM32G0xx_HAL_Driver/Src/stm32g0xx_hal_tim.o
                0x08005ed4                HAL_TIM_Base_Stop_IT
 .text.HAL_TIM_IRQHandler
                0x08005f30      0x210 ./Drivers/STM32G0xx_HAL_Driver/Src/stm32g0xx_hal_tim.o
                0x08005f30                HAL_TIM_IRQHandler
 .text.HAL_TIM_ConfigClockSource
                0x08006140      0x1ac ./Drivers/STM32G0xx_HAL_Driver/Src/stm32g0xx_hal_tim.o
                0x08006140                HAL_TIM_ConfigClockSource
 .text.HAL_TIM_OC_DelayElapsedCallback
                0x080062ec       0x10 ./Drivers/STM32G0xx_HAL_Driver/Src/stm32g0xx_hal_tim.o
                0x080062ec                HAL_TIM_OC_DelayElapsedCallback
 .text.HAL_TIM_IC_CaptureCallback
                0x080062fc       0x10 ./Drivers/STM32G0xx_HAL_Driver/Src/stm32g0xx_hal_tim.o
                0x080062fc                HAL_TIM_IC_CaptureCallback
 .text.HAL_TIM_PWM_PulseFinishedCallback
                0x0800630c       0x10 ./Drivers/STM32G0xx_HAL_Driver/Src/stm32g0xx_hal_tim.o
                0x0800630c                HAL_TIM_PWM_PulseFinishedCallback
 .text.HAL_TIM_TriggerCallback
                0x0800631c       0x10 ./Drivers/STM32G0xx_HAL_Driver/Src/stm32g0xx_hal_tim.o
                0x0800631c                HAL_TIM_TriggerCallback
 .text.TIM_Base_SetConfig
                0x0800632c      0x11c ./Drivers/STM32G0xx_HAL_Driver/Src/stm32g0xx_hal_tim.o
                0x0800632c                TIM_Base_SetConfig
 .text.TIM_TI1_ConfigInputStage
                0x08006448       0x5c ./Drivers/STM32G0xx_HAL_Driver/Src/stm32g0xx_hal_tim.o
 .text.TIM_TI2_ConfigInputStage
                0x080064a4       0x64 ./Drivers/STM32G0xx_HAL_Driver/Src/stm32g0xx_hal_tim.o
 .text.TIM_ITRx_SetConfig
                0x08006508       0x38 ./Drivers/STM32G0xx_HAL_Driver/Src/stm32g0xx_hal_tim.o
 .text.TIM_ETR_SetConfig
                0x08006540       0x40 ./Drivers/STM32G0xx_HAL_Driver/Src/stm32g0xx_hal_tim.o
                0x08006540                TIM_ETR_SetConfig
 .text.HAL_TIMEx_MasterConfigSynchronization
                0x08006580       0xdc ./Drivers/STM32G0xx_HAL_Driver/Src/stm32g0xx_hal_tim_ex.o
                0x08006580                HAL_TIMEx_MasterConfigSynchronization
 .text.HAL_TIMEx_CommutCallback
                0x0800665c       0x10 ./Drivers/STM32G0xx_HAL_Driver/Src/stm32g0xx_hal_tim_ex.o
                0x0800665c                HAL_TIMEx_CommutCallback
 .text.HAL_TIMEx_BreakCallback
                0x0800666c       0x10 ./Drivers/STM32G0xx_HAL_Driver/Src/stm32g0xx_hal_tim_ex.o
                0x0800666c                HAL_TIMEx_BreakCallback
 .text.HAL_TIMEx_Break2Callback
                0x0800667c       0x10 ./Drivers/STM32G0xx_HAL_Driver/Src/stm32g0xx_hal_tim_ex.o
                0x0800667c                HAL_TIMEx_Break2Callback
 .text.memset   0x0800668c       0x10 C:/ST/STM32CubeIDE_1.16.1/STM32CubeIDE/plugins/com.st.stm32cube.ide.mcu.externaltools.gnu-tools-for-stm32.12.3.rel1.win32_1.0.200.202406191623/tools/bin/../lib/gcc/arm-none-eabi/12.3.1/../../../../arm-none-eabi/lib/thumb/v6-m/nofp\libc_nano.a(libc_a-memset.o)
                0x0800668c                memset
 .text.__libc_init_array
                0x0800669c       0x48 C:/ST/STM32CubeIDE_1.16.1/STM32CubeIDE/plugins/com.st.stm32cube.ide.mcu.externaltools.gnu-tools-for-stm32.12.3.rel1.win32_1.0.200.202406191623/tools/bin/../lib/gcc/arm-none-eabi/12.3.1/../../../../arm-none-eabi/lib/thumb/v6-m/nofp\libc_nano.a(libc_a-init.o)
                0x0800669c                __libc_init_array
 *(.glue_7)
 .glue_7        0x080066e4        0x0 linker stubs
 *(.glue_7t)
 .glue_7t       0x080066e4        0x0 linker stubs
 *(.eh_frame)
 .eh_frame      0x080066e4        0x0 C:/ST/STM32CubeIDE_1.16.1/STM32CubeIDE/plugins/com.st.stm32cube.ide.mcu.externaltools.gnu-tools-for-stm32.12.3.rel1.win32_1.0.200.202406191623/tools/bin/../lib/gcc/arm-none-eabi/12.3.1/thumb/v6-m/nofp/crtbegin.o
 *(.init)
 .init          0x080066e4        0x4 C:/ST/STM32CubeIDE_1.16.1/STM32CubeIDE/plugins/com.st.stm32cube.ide.mcu.externaltools.gnu-tools-for-stm32.12.3.rel1.win32_1.0.200.202406191623/tools/bin/../lib/gcc/arm-none-eabi/12.3.1/thumb/v6-m/nofp/crti.o
                0x080066e4                _init
 .init          0x080066e8        0x8 C:/ST/STM32CubeIDE_1.16.1/STM32CubeIDE/plugins/com.st.stm32cube.ide.mcu.externaltools.gnu-tools-for-stm32.12.3.rel1.win32_1.0.200.202406191623/tools/bin/../lib/gcc/arm-none-eabi/12.3.1/thumb/v6-m/nofp/crtn.o
 *(.fini)
 .fini          0x080066f0        0x4 C:/ST/STM32CubeIDE_1.16.1/STM32CubeIDE/plugins/com.st.stm32cube.ide.mcu.externaltools.gnu-tools-for-stm32.12.3.rel1.win32_1.0.200.202406191623/tools/bin/../lib/gcc/arm-none-eabi/12.3.1/thumb/v6-m/nofp/crti.o
                0x080066f0                _fini
 .fini          0x080066f4        0x8 C:/ST/STM32CubeIDE_1.16.1/STM32CubeIDE/plugins/com.st.stm32cube.ide.mcu.externaltools.gnu-tools-for-stm32.12.3.rel1.win32_1.0.200.202406191623/tools/bin/../lib/gcc/arm-none-eabi/12.3.1/thumb/v6-m/nofp/crtn.o
                0x080066fc                        . = ALIGN (0x4)
                0x080066fc                        _etext = .

.vfp11_veneer   0x080066fc        0x0
 .vfp11_veneer  0x080066fc        0x0 linker stubs

.v4_bx          0x080066fc        0x0
 .v4_bx         0x080066fc        0x0 linker stubs

.iplt           0x080066fc        0x0
 .iplt          0x080066fc        0x0 C:/ST/STM32CubeIDE_1.16.1/STM32CubeIDE/plugins/com.st.stm32cube.ide.mcu.externaltools.gnu-tools-for-stm32.12.3.rel1.win32_1.0.200.202406191623/tools/bin/../lib/gcc/arm-none-eabi/12.3.1/thumb/v6-m/nofp/crtbegin.o

.rodata         0x080066fc       0x40
                0x080066fc                        . = ALIGN (0x4)
 *(.rodata)
 *(.rodata*)
 .rodata.AHBPrescTable
                0x080066fc       0x40 ./Core/Src/system_stm32g0xx.o
                0x080066fc                AHBPrescTable
                0x0800673c                        . = ALIGN (0x4)

.ARM.extab      0x0800673c        0x0
                0x0800673c                        . = ALIGN (0x4)
 *(.ARM.extab* .gnu.linkonce.armextab.*)
                0x0800673c                        . = ALIGN (0x4)

.ARM            0x0800673c        0x0
                0x0800673c                        . = ALIGN (0x4)
                0x0800673c                        __exidx_start = .
 *(.ARM.exidx*)
                0x0800673c                        __exidx_end = .
                0x0800673c                        . = ALIGN (0x4)

.preinit_array  0x0800673c        0x0
                0x0800673c                        . = ALIGN (0x4)
                0x0800673c                        PROVIDE (__preinit_array_start = .)
 *(.preinit_array*)
                0x0800673c                        PROVIDE (__preinit_array_end = .)
                0x0800673c                        . = ALIGN (0x4)

.init_array     0x0800673c        0x4
                0x0800673c                        . = ALIGN (0x4)
                0x0800673c                        PROVIDE (__init_array_start = .)
 *(SORT_BY_NAME(.init_array.*))
 *(.init_array*)
 .init_array    0x0800673c        0x4 C:/ST/STM32CubeIDE_1.16.1/STM32CubeIDE/plugins/com.st.stm32cube.ide.mcu.externaltools.gnu-tools-for-stm32.12.3.rel1.win32_1.0.200.202406191623/tools/bin/../lib/gcc/arm-none-eabi/12.3.1/thumb/v6-m/nofp/crtbegin.o
                0x08006740                        PROVIDE (__init_array_end = .)
                0x08006740                        . = ALIGN (0x4)

.fini_array     0x08006740        0x4
                0x08006740                        . = ALIGN (0x4)
                [!provide]                        PROVIDE (__fini_array_start = .)
 *(SORT_BY_NAME(.fini_array.*))
 *(.fini_array*)
 .fini_array    0x08006740        0x4 C:/ST/STM32CubeIDE_1.16.1/STM32CubeIDE/plugins/com.st.stm32cube.ide.mcu.externaltools.gnu-tools-for-stm32.12.3.rel1.win32_1.0.200.202406191623/tools/bin/../lib/gcc/arm-none-eabi/12.3.1/thumb/v6-m/nofp/crtbegin.o
                [!provide]                        PROVIDE (__fini_array_end = .)
                0x08006744                        . = ALIGN (0x4)
                0x08006744                        _sidata = LOADADDR (.data)

.rel.dyn        0x08006744        0x0
 .rel.iplt      0x08006744        0x0 C:/ST/STM32CubeIDE_1.16.1/STM32CubeIDE/plugins/com.st.stm32cube.ide.mcu.externaltools.gnu-tools-for-stm32.12.3.rel1.win32_1.0.200.202406191623/tools/bin/../lib/gcc/arm-none-eabi/12.3.1/thumb/v6-m/nofp/crtbegin.o

.data           0x20000000       0x80 load address 0x08006744
                0x20000000                        . = ALIGN (0x4)
                0x20000000                        _sdata = .
 *(.data)
 *(.data*)
 .data.channel_one
                0x20000000        0x3 ./Core/Src/led.o
 *fill*         0x20000003        0x1 
 .data.channel_two
                0x20000004        0x3 ./Core/Src/led.o
 *fill*         0x20000007        0x1 
 .data.channel_three
                0x20000008        0x3 ./Core/Src/led.o
 *fill*         0x2000000b        0x1 
 .data.buttons  0x2000000c       0x20 ./Core/Src/main.o
                0x2000000c                buttons
 .data.leds     0x2000002c       0x20 ./Core/Src/main.o
                0x2000002c                leds
 .data.i2cbuff_OUT
                0x2000004c        0x3 ./Core/Src/main.o
                0x2000004c                i2cbuff_OUT
 *fill*         0x2000004f        0x1 
 .data.i2cbuff_IN
                0x20000050        0x3 ./Core/Src/main.o
                0x20000050                i2cbuff_IN
 *fill*         0x20000053        0x1 
 .data.I2CInit_0
                0x20000054        0x2 ./Core/Src/main.o
                0x20000054                I2CInit_0
 *fill*         0x20000056        0x2 
 .data.I2CInit_1
                0x20000058        0x2 ./Core/Src/main.o
                0x20000058                I2CInit_1
 *fill*         0x2000005a        0x2 
 .data.I2CInit_2
                0x2000005c        0x2 ./Core/Src/main.o
                0x2000005c                I2CInit_2
 *fill*         0x2000005e        0x2 
 .data.I2CInit_3
                0x20000060        0x2 ./Core/Src/main.o
                0x20000060                I2CInit_3
 *fill*         0x20000062        0x2 
 .data.ledbufON
                0x20000064        0x3 ./Core/Src/main.o
                0x20000064                ledbufON
 *fill*         0x20000067        0x1 
 .data.ledbufOFF
                0x20000068        0x3 ./Core/Src/main.o
                0x20000068                ledbufOFF
 *fill*         0x2000006b        0x1 
 .data.Dev_SLP_ON
                0x2000006c        0x3 ./Core/Src/main.o
                0x2000006c                Dev_SLP_ON
 .data.MB1_attach
                0x2000006f        0x1 ./Core/Src/main.o
                0x2000006f                MB1_attach
 .data.MB2_attach
                0x20000070        0x1 ./Core/Src/main.o
                0x20000070                MB2_attach
 .data.cold_start
                0x20000071        0x1 ./Core/Src/main.o
                0x20000071                cold_start
 *fill*         0x20000072        0x2 
 .data.SystemCoreClock
                0x20000074        0x4 ./Core/Src/system_stm32g0xx.o
                0x20000074                SystemCoreClock
 .data.uwTickPrio
                0x20000078        0x4 ./Drivers/STM32G0xx_HAL_Driver/Src/stm32g0xx_hal.o
                0x20000078                uwTickPrio
 .data.uwTickFreq
                0x2000007c        0x1 ./Drivers/STM32G0xx_HAL_Driver/Src/stm32g0xx_hal.o
                0x2000007c                uwTickFreq
 *(.RamFunc)
 *(.RamFunc*)
                0x20000080                        . = ALIGN (0x4)
 *fill*         0x2000007d        0x3 
                0x20000080                        _edata = .

.igot.plt       0x20000080        0x0 load address 0x080067c4
 .igot.plt      0x20000080        0x0 C:/ST/STM32CubeIDE_1.16.1/STM32CubeIDE/plugins/com.st.stm32cube.ide.mcu.externaltools.gnu-tools-for-stm32.12.3.rel1.win32_1.0.200.202406191623/tools/bin/../lib/gcc/arm-none-eabi/12.3.1/thumb/v6-m/nofp/crtbegin.o
                0x20000080                        . = ALIGN (0x4)

.bss            0x20000080      0x308 load address 0x080067c4
                0x20000080                        _sbss = .
                0x20000080                        __bss_start__ = _sbss
 *(.bss)
 .bss           0x20000080       0x1c C:/ST/STM32CubeIDE_1.16.1/STM32CubeIDE/plugins/com.st.stm32cube.ide.mcu.externaltools.gnu-tools-for-stm32.12.3.rel1.win32_1.0.200.202406191623/tools/bin/../lib/gcc/arm-none-eabi/12.3.1/thumb/v6-m/nofp/crtbegin.o
 *(.bss*)
 .bss.prevConnected.0
                0x2000009c       0x18 ./Core/Src/diks.o
 .bss.blinkState.0
                0x200000b4        0x1 ./Core/Src/led.o
 *fill*         0x200000b5        0x3 
 .bss.hi2c2     0x200000b8       0x54 ./Core/Src/main.o
                0x200000b8                hi2c2
 .bss.hdma_i2c2_rx
                0x2000010c       0x5c ./Core/Src/main.o
                0x2000010c                hdma_i2c2_rx
 .bss.hdma_i2c2_tx
                0x20000168       0x5c ./Core/Src/main.o
                0x20000168                hdma_i2c2_tx
 .bss.htim1     0x200001c4       0x4c ./Core/Src/main.o
                0x200001c4                htim1
 .bss.htim2     0x20000210       0x4c ./Core/Src/main.o
                0x20000210                htim2
 .bss.htim3     0x2000025c       0x4c ./Core/Src/main.o
                0x2000025c                htim3
 .bss.disk_status
                0x200002a8        0x6 ./Core/Src/main.o
                0x200002a8                disk_status
 *fill*         0x200002ae        0x2 
 .bss.Buf_PRSTN
                0x200002b0        0x2 ./Core/Src/main.o
                0x200002b0                Buf_PRSTN
 *fill*         0x200002b2        0x2 
 .bss.I2CInit_off
                0x200002b4        0x2 ./Core/Src/main.o
                0x200002b4                I2CInit_off
 *fill*         0x200002b6        0x2 
 .bss.disks     0x200002b8       0x60 ./Core/Src/main.o
                0x200002b8                disks
 .bss.adapter1_state
                0x20000318        0x1 ./Core/Src/main.o
                0x20000318                adapter1_state
 .bss.adapter2_state
                0x20000319        0x1 ./Core/Src/main.o
                0x20000319                adapter2_state
 .bss.btn_handler
                0x2000031a        0x1 ./Core/Src/main.o
                0x2000031a                btn_handler
 *fill*         0x2000031b        0x1 
 .bss.connectActivityTimer
                0x2000031c       0x60 ./Core/Src/main.o
                0x2000031c                connectActivityTimer
 .bss.is_launching
                0x2000037c        0x1 ./Core/Src/main.o
                0x2000037c                is_launching
 .bss.read_disk_status_flag
                0x2000037d        0x1 ./Core/Src/main.o
                0x2000037d                read_disk_status_flag
 .bss.transmit_temperature_flag
                0x2000037e        0x1 ./Core/Src/main.o
                0x2000037e                transmit_temperature_flag
 .bss.flag      0x2000037f        0x1 ./Core/Src/main.o
                0x2000037f                flag
 .bss.blink_phase.0
                0x20000380        0x1 ./Core/Src/main.o
 *fill*         0x20000381        0x3 
 .bss.uwTick    0x20000384        0x4 ./Drivers/STM32G0xx_HAL_Driver/Src/stm32g0xx_hal.o
                0x20000384                uwTick
 *(COMMON)
                0x20000388                        . = ALIGN (0x4)
                0x20000388                        _ebss = .
                0x20000388                        __bss_end__ = _ebss

._user_heap_stack
                0x20000388      0x600 load address 0x080067c4
                0x20000388                        . = ALIGN (0x8)
                [!provide]                        PROVIDE (end = .)
                0x20000388                        PROVIDE (_end = .)
                0x20000588                        . = (. + _Min_Heap_Size)
 *fill*         0x20000388      0x200 
                0x20000988                        . = (. + _Min_Stack_Size)
 *fill*         0x20000588      0x400 
                0x20000988                        . = ALIGN (0x8)

/DISCARD/
 libc.a(*)
 libm.a(*)
 libgcc.a(*)

.ARM.attributes
                0x00000000       0x28
 *(.ARM.attributes)
 .ARM.attributes
                0x00000000       0x1e C:/ST/STM32CubeIDE_1.16.1/STM32CubeIDE/plugins/com.st.stm32cube.ide.mcu.externaltools.gnu-tools-for-stm32.12.3.rel1.win32_1.0.200.202406191623/tools/bin/../lib/gcc/arm-none-eabi/12.3.1/thumb/v6-m/nofp/crti.o
 .ARM.attributes
                0x0000001e       0x2c C:/ST/STM32CubeIDE_1.16.1/STM32CubeIDE/plugins/com.st.stm32cube.ide.mcu.externaltools.gnu-tools-for-stm32.12.3.rel1.win32_1.0.200.202406191623/tools/bin/../lib/gcc/arm-none-eabi/12.3.1/thumb/v6-m/nofp/crtbegin.o
 .ARM.attributes
                0x0000004a       0x2c ./Core/Src/adapter.o
 .ARM.attributes
                0x00000076       0x2c ./Core/Src/button.o
 .ARM.attributes
                0x000000a2       0x2c ./Core/Src/diks.o
 .ARM.attributes
                0x000000ce       0x2c ./Core/Src/i2c.o
 .ARM.attributes
                0x000000fa       0x2c ./Core/Src/led.o
 .ARM.attributes
                0x00000126       0x2c ./Core/Src/main.o
 .ARM.attributes
                0x00000152       0x2c ./Core/Src/stm32g0xx_hal_msp.o
 .ARM.attributes
                0x0000017e       0x2c ./Core/Src/stm32g0xx_it.o
 .ARM.attributes
                0x000001aa       0x2c ./Core/Src/system_stm32g0xx.o
 .ARM.attributes
                0x000001d6       0x22 ./Core/Startup/startup_stm32g071r8tx.o
 .ARM.attributes
                0x000001f8       0x2c ./Drivers/STM32G0xx_HAL_Driver/Src/stm32g0xx_hal.o
 .ARM.attributes
                0x00000224       0x2c ./Drivers/STM32G0xx_HAL_Driver/Src/stm32g0xx_hal_cortex.o
 .ARM.attributes
                0x00000250       0x2c ./Drivers/STM32G0xx_HAL_Driver/Src/stm32g0xx_hal_dma.o
 .ARM.attributes
                0x0000027c       0x2c ./Drivers/STM32G0xx_HAL_Driver/Src/stm32g0xx_hal_gpio.o
 .ARM.attributes
                0x000002a8       0x2c ./Drivers/STM32G0xx_HAL_Driver/Src/stm32g0xx_hal_i2c.o
 .ARM.attributes
                0x000002d4       0x2c ./Drivers/STM32G0xx_HAL_Driver/Src/stm32g0xx_hal_i2c_ex.o
 .ARM.attributes
                0x00000300       0x2c ./Drivers/STM32G0xx_HAL_Driver/Src/stm32g0xx_hal_pwr_ex.o
 .ARM.attributes
                0x0000032c       0x2c ./Drivers/STM32G0xx_HAL_Driver/Src/stm32g0xx_hal_rcc.o
 .ARM.attributes
                0x00000358       0x2c ./Drivers/STM32G0xx_HAL_Driver/Src/stm32g0xx_hal_rcc_ex.o
 .ARM.attributes
                0x00000384       0x2c ./Drivers/STM32G0xx_HAL_Driver/Src/stm32g0xx_hal_tim.o
 .ARM.attributes
                0x000003b0       0x2c ./Drivers/STM32G0xx_HAL_Driver/Src/stm32g0xx_hal_tim_ex.o
 .ARM.attributes
                0x000003dc       0x2c C:/ST/STM32CubeIDE_1.16.1/STM32CubeIDE/plugins/com.st.stm32cube.ide.mcu.externaltools.gnu-tools-for-stm32.12.3.rel1.win32_1.0.200.202406191623/tools/bin/../lib/gcc/arm-none-eabi/12.3.1/../../../../arm-none-eabi/lib/thumb/v6-m/nofp\libc_nano.a(libc_a-memset.o)
 .ARM.attributes
                0x00000408       0x2c C:/ST/STM32CubeIDE_1.16.1/STM32CubeIDE/plugins/com.st.stm32cube.ide.mcu.externaltools.gnu-tools-for-stm32.12.3.rel1.win32_1.0.200.202406191623/tools/bin/../lib/gcc/arm-none-eabi/12.3.1/../../../../arm-none-eabi/lib/thumb/v6-m/nofp\libc_nano.a(libc_a-init.o)
 .ARM.attributes
                0x00000434       0x1e C:/ST/STM32CubeIDE_1.16.1/STM32CubeIDE/plugins/com.st.stm32cube.ide.mcu.externaltools.gnu-tools-for-stm32.12.3.rel1.win32_1.0.200.202406191623/tools/bin/../lib/gcc/arm-none-eabi/12.3.1/thumb/v6-m/nofp\libgcc.a(_udivsi3.o)
 .ARM.attributes
                0x00000452       0x1e C:/ST/STM32CubeIDE_1.16.1/STM32CubeIDE/plugins/com.st.stm32cube.ide.mcu.externaltools.gnu-tools-for-stm32.12.3.rel1.win32_1.0.200.202406191623/tools/bin/../lib/gcc/arm-none-eabi/12.3.1/thumb/v6-m/nofp\libgcc.a(_dvmd_tls.o)
 .ARM.attributes
                0x00000470       0x1e C:/ST/STM32CubeIDE_1.16.1/STM32CubeIDE/plugins/com.st.stm32cube.ide.mcu.externaltools.gnu-tools-for-stm32.12.3.rel1.win32_1.0.200.202406191623/tools/bin/../lib/gcc/arm-none-eabi/12.3.1/thumb/v6-m/nofp/crtn.o
OUTPUT(PRVL.467143.005_aggregation_board.elf elf32-littlearm)
LOAD linker stubs
LOAD C:/ST/STM32CubeIDE_1.16.1/STM32CubeIDE/plugins/com.st.stm32cube.ide.mcu.externaltools.gnu-tools-for-stm32.12.3.rel1.win32_1.0.200.202406191623/tools/bin/../lib/gcc/arm-none-eabi/12.3.1/../../../../arm-none-eabi/lib/thumb/v6-m/nofp\libc.a
LOAD C:/ST/STM32CubeIDE_1.16.1/STM32CubeIDE/plugins/com.st.stm32cube.ide.mcu.externaltools.gnu-tools-for-stm32.12.3.rel1.win32_1.0.200.202406191623/tools/bin/../lib/gcc/arm-none-eabi/12.3.1/../../../../arm-none-eabi/lib/thumb/v6-m/nofp\libm.a
LOAD C:/ST/STM32CubeIDE_1.16.1/STM32CubeIDE/plugins/com.st.stm32cube.ide.mcu.externaltools.gnu-tools-for-stm32.12.3.rel1.win32_1.0.200.202406191623/tools/bin/../lib/gcc/arm-none-eabi/12.3.1/thumb/v6-m/nofp\libgcc.a

.debug_info     0x00000000    0x11964
 .debug_info    0x00000000      0xdf0 ./Core/Src/adapter.o
 .debug_info    0x00000df0      0x3b6 ./Core/Src/button.o
 .debug_info    0x000011a6      0xadd ./Core/Src/diks.o
 .debug_info    0x00001c83      0x946 ./Core/Src/i2c.o
 .debug_info    0x000025c9      0xbcc ./Core/Src/led.o
 .debug_info    0x00003195     0x1b9b ./Core/Src/main.o
 .debug_info    0x00004d30     0x111d ./Core/Src/stm32g0xx_hal_msp.o
 .debug_info    0x00005e4d      0xbdc ./Core/Src/stm32g0xx_it.o
 .debug_info    0x00006a29      0x316 ./Core/Src/system_stm32g0xx.o
 .debug_info    0x00006d3f       0x30 ./Core/Startup/startup_stm32g071r8tx.o
 .debug_info    0x00006d6f      0xa34 ./Drivers/STM32G0xx_HAL_Driver/Src/stm32g0xx_hal.o
 .debug_info    0x000077a3      0x8d9 ./Drivers/STM32G0xx_HAL_Driver/Src/stm32g0xx_hal_cortex.o
 .debug_info    0x0000807c      0x860 ./Drivers/STM32G0xx_HAL_Driver/Src/stm32g0xx_hal_dma.o
 .debug_info    0x000088dc      0x5b9 ./Drivers/STM32G0xx_HAL_Driver/Src/stm32g0xx_hal_gpio.o
 .debug_info    0x00008e95     0x21c8 ./Drivers/STM32G0xx_HAL_Driver/Src/stm32g0xx_hal_i2c.o
 .debug_info    0x0000b05d      0xa09 ./Drivers/STM32G0xx_HAL_Driver/Src/stm32g0xx_hal_i2c_ex.o
 .debug_info    0x0000ba66      0x7c1 ./Drivers/STM32G0xx_HAL_Driver/Src/stm32g0xx_hal_pwr_ex.o
 .debug_info    0x0000c227      0xb1b ./Drivers/STM32G0xx_HAL_Driver/Src/stm32g0xx_hal_rcc.o
 .debug_info    0x0000cd42      0x77f ./Drivers/STM32G0xx_HAL_Driver/Src/stm32g0xx_hal_rcc_ex.o
 .debug_info    0x0000d4c1     0x2bc9 ./Drivers/STM32G0xx_HAL_Driver/Src/stm32g0xx_hal_tim.o
 .debug_info    0x0001008a     0x18da ./Drivers/STM32G0xx_HAL_Driver/Src/stm32g0xx_hal_tim_ex.o

.debug_abbrev   0x00000000     0x2de5
 .debug_abbrev  0x00000000      0x255 ./Core/Src/adapter.o
 .debug_abbrev  0x00000255      0x1f8 ./Core/Src/button.o
 .debug_abbrev  0x0000044d      0x29d ./Core/Src/diks.o
 .debug_abbrev  0x000006ea      0x1fe ./Core/Src/i2c.o
 .debug_abbrev  0x000008e8      0x22f ./Core/Src/led.o
 .debug_abbrev  0x00000b17      0x364 ./Core/Src/main.o
 .debug_abbrev  0x00000e7b      0x253 ./Core/Src/stm32g0xx_hal_msp.o
 .debug_abbrev  0x000010ce      0x1c8 ./Core/Src/stm32g0xx_it.o
 .debug_abbrev  0x00001296      0x119 ./Core/Src/system_stm32g0xx.o
 .debug_abbrev  0x000013af       0x24 ./Core/Startup/startup_stm32g071r8tx.o
 .debug_abbrev  0x000013d3      0x2b2 ./Drivers/STM32G0xx_HAL_Driver/Src/stm32g0xx_hal.o
 .debug_abbrev  0x00001685      0x2ab ./Drivers/STM32G0xx_HAL_Driver/Src/stm32g0xx_hal_cortex.o
 .debug_abbrev  0x00001930      0x22b ./Drivers/STM32G0xx_HAL_Driver/Src/stm32g0xx_hal_dma.o
 .debug_abbrev  0x00001b5b      0x1c8 ./Drivers/STM32G0xx_HAL_Driver/Src/stm32g0xx_hal_gpio.o
 .debug_abbrev  0x00001d23      0x291 ./Drivers/STM32G0xx_HAL_Driver/Src/stm32g0xx_hal_i2c.o
 .debug_abbrev  0x00001fb4      0x1e6 ./Drivers/STM32G0xx_HAL_Driver/Src/stm32g0xx_hal_i2c_ex.o
 .debug_abbrev  0x0000219a      0x238 ./Drivers/STM32G0xx_HAL_Driver/Src/stm32g0xx_hal_pwr_ex.o
 .debug_abbrev  0x000023d2      0x2aa ./Drivers/STM32G0xx_HAL_Driver/Src/stm32g0xx_hal_rcc.o
 .debug_abbrev  0x0000267c      0x229 ./Drivers/STM32G0xx_HAL_Driver/Src/stm32g0xx_hal_rcc_ex.o
 .debug_abbrev  0x000028a5      0x298 ./Drivers/STM32G0xx_HAL_Driver/Src/stm32g0xx_hal_tim.o
 .debug_abbrev  0x00002b3d      0x2a8 ./Drivers/STM32G0xx_HAL_Driver/Src/stm32g0xx_hal_tim_ex.o

.debug_aranges  0x00000000      0xff0
 .debug_aranges
                0x00000000       0x40 ./Core/Src/adapter.o
 .debug_aranges
                0x00000040       0x30 ./Core/Src/button.o
 .debug_aranges
                0x00000070       0x48 ./Core/Src/diks.o
 .debug_aranges
                0x000000b8       0x38 ./Core/Src/i2c.o
 .debug_aranges
                0x000000f0       0x60 ./Core/Src/led.o
 .debug_aranges
                0x00000150       0x78 ./Core/Src/main.o
 .debug_aranges
                0x000001c8       0x40 ./Core/Src/stm32g0xx_hal_msp.o
 .debug_aranges
                0x00000208       0x70 ./Core/Src/stm32g0xx_it.o
 .debug_aranges
                0x00000278       0x28 ./Core/Src/system_stm32g0xx.o
 .debug_aranges
                0x000002a0       0x28 ./Core/Startup/startup_stm32g071r8tx.o
 .debug_aranges
                0x000002c8      0x120 ./Drivers/STM32G0xx_HAL_Driver/Src/stm32g0xx_hal.o
 .debug_aranges
                0x000003e8       0xe8 ./Drivers/STM32G0xx_HAL_Driver/Src/stm32g0xx_hal_cortex.o
 .debug_aranges
                0x000004d0       0x90 ./Drivers/STM32G0xx_HAL_Driver/Src/stm32g0xx_hal_dma.o
 .debug_aranges
                0x00000560       0x60 ./Drivers/STM32G0xx_HAL_Driver/Src/stm32g0xx_hal_gpio.o
 .debug_aranges
                0x000005c0      0x2a0 ./Drivers/STM32G0xx_HAL_Driver/Src/stm32g0xx_hal_i2c.o
 .debug_aranges
                0x00000860       0x48 ./Drivers/STM32G0xx_HAL_Driver/Src/stm32g0xx_hal_i2c_ex.o
 .debug_aranges
                0x000008a8       0xf0 ./Drivers/STM32G0xx_HAL_Driver/Src/stm32g0xx_hal_pwr_ex.o
 .debug_aranges
                0x00000998       0xa0 ./Drivers/STM32G0xx_HAL_Driver/Src/stm32g0xx_hal_rcc.o
 .debug_aranges
                0x00000a38       0x40 ./Drivers/STM32G0xx_HAL_Driver/Src/stm32g0xx_hal_rcc_ex.o
 .debug_aranges
                0x00000a78      0x3e0 ./Drivers/STM32G0xx_HAL_Driver/Src/stm32g0xx_hal_tim.o
 .debug_aranges
                0x00000e58      0x198 ./Drivers/STM32G0xx_HAL_Driver/Src/stm32g0xx_hal_tim_ex.o

.debug_rnglists
                0x00000000      0xc68
 .debug_rnglists
                0x00000000       0x2f ./Core/Src/adapter.o
 .debug_rnglists
                0x0000002f       0x21 ./Core/Src/button.o
 .debug_rnglists
                0x00000050       0x35 ./Core/Src/diks.o
 .debug_rnglists
                0x00000085       0x26 ./Core/Src/i2c.o
 .debug_rnglists
                0x000000ab       0x47 ./Core/Src/led.o
 .debug_rnglists
                0x000000f2       0x5e ./Core/Src/main.o
 .debug_rnglists
                0x00000150       0x2d ./Core/Src/stm32g0xx_hal_msp.o
 .debug_rnglists
                0x0000017d       0x4f ./Core/Src/stm32g0xx_it.o
 .debug_rnglists
                0x000001cc       0x1a ./Core/Src/system_stm32g0xx.o
 .debug_rnglists
                0x000001e6       0x19 ./Core/Startup/startup_stm32g071r8tx.o
 .debug_rnglists
                0x000001ff       0xd4 ./Drivers/STM32G0xx_HAL_Driver/Src/stm32g0xx_hal.o
 .debug_rnglists
                0x000002d3       0xaa ./Drivers/STM32G0xx_HAL_Driver/Src/stm32g0xx_hal_cortex.o
 .debug_rnglists
                0x0000037d       0x72 ./Drivers/STM32G0xx_HAL_Driver/Src/stm32g0xx_hal_dma.o
 .debug_rnglists
                0x000003ef       0x45 ./Drivers/STM32G0xx_HAL_Driver/Src/stm32g0xx_hal_gpio.o
 .debug_rnglists
                0x00000434      0x229 ./Drivers/STM32G0xx_HAL_Driver/Src/stm32g0xx_hal_i2c.o
 .debug_rnglists
                0x0000065d       0x35 ./Drivers/STM32G0xx_HAL_Driver/Src/stm32g0xx_hal_i2c_ex.o
 .debug_rnglists
                0x00000692       0xb5 ./Drivers/STM32G0xx_HAL_Driver/Src/stm32g0xx_hal_pwr_ex.o
 .debug_rnglists
                0x00000747       0x79 ./Drivers/STM32G0xx_HAL_Driver/Src/stm32g0xx_hal_rcc.o
 .debug_rnglists
                0x000007c0       0x30 ./Drivers/STM32G0xx_HAL_Driver/Src/stm32g0xx_hal_rcc_ex.o
 .debug_rnglists
                0x000007f0      0x32a ./Drivers/STM32G0xx_HAL_Driver/Src/stm32g0xx_hal_tim.o
 .debug_rnglists
                0x00000b1a      0x14e ./Drivers/STM32G0xx_HAL_Driver/Src/stm32g0xx_hal_tim_ex.o

.debug_macro    0x00000000    0x18d69
 .debug_macro   0x00000000      0x222 ./Core/Src/adapter.o
 .debug_macro   0x00000222      0xa8a ./Core/Src/adapter.o
 .debug_macro   0x00000cac      0x11d ./Core/Src/adapter.o
 .debug_macro   0x00000dc9       0x2e ./Core/Src/adapter.o
 .debug_macro   0x00000df7       0x28 ./Core/Src/adapter.o
 .debug_macro   0x00000e1f       0x22 ./Core/Src/adapter.o
 .debug_macro   0x00000e41       0x8e ./Core/Src/adapter.o
 .debug_macro   0x00000ecf       0x51 ./Core/Src/adapter.o
 .debug_macro   0x00000f20      0x103 ./Core/Src/adapter.o
 .debug_macro   0x00001023       0x6a ./Core/Src/adapter.o
 .debug_macro   0x0000108d      0x1df ./Core/Src/adapter.o
 .debug_macro   0x0000126c       0x1c ./Core/Src/adapter.o
 .debug_macro   0x00001288       0x22 ./Core/Src/adapter.o
 .debug_macro   0x000012aa       0xd1 ./Core/Src/adapter.o
 .debug_macro   0x0000137b      0x4da ./Core/Src/adapter.o
 .debug_macro   0x00001855      0x11f ./Core/Src/adapter.o
 .debug_macro   0x00001974     0xc753 ./Core/Src/adapter.o
 .debug_macro   0x0000e0c7       0x66 ./Core/Src/adapter.o
 .debug_macro   0x0000e12d     0x350e ./Core/Src/adapter.o
 .debug_macro   0x0001163b      0x189 ./Core/Src/adapter.o
 .debug_macro   0x000117c4       0x5c ./Core/Src/adapter.o
 .debug_macro   0x00011820      0x56c ./Core/Src/adapter.o
 .debug_macro   0x00011d8c     0x1122 ./Core/Src/adapter.o
 .debug_macro   0x00012eae      0x264 ./Core/Src/adapter.o
 .debug_macro   0x00013112      0x1cf ./Core/Src/adapter.o
 .debug_macro   0x000132e1      0x1d8 ./Core/Src/adapter.o
 .debug_macro   0x000134b9      0x426 ./Core/Src/adapter.o
 .debug_macro   0x000138df      0x280 ./Core/Src/adapter.o
 .debug_macro   0x00013b5f      0x3a7 ./Core/Src/adapter.o
 .debug_macro   0x00013f06      0x1b2 ./Core/Src/adapter.o
 .debug_macro   0x000140b8       0x43 ./Core/Src/adapter.o
 .debug_macro   0x000140fb      0x1f1 ./Core/Src/adapter.o
 .debug_macro   0x000142ec      0x1d6 ./Core/Src/adapter.o
 .debug_macro   0x000144c2      0x38a ./Core/Src/adapter.o
 .debug_macro   0x0001484c       0x28 ./Core/Src/adapter.o
 .debug_macro   0x00014874       0xe4 ./Core/Src/adapter.o
 .debug_macro   0x00014958      0x22c ./Core/Src/adapter.o
 .debug_macro   0x00014b84       0x67 ./Core/Src/adapter.o
 .debug_macro   0x00014beb       0xa5 ./Core/Src/adapter.o
 .debug_macro   0x00014c90      0x125 ./Core/Src/adapter.o
 .debug_macro   0x00014db5      0x240 ./Core/Src/adapter.o
 .debug_macro   0x00014ff5      0xad0 ./Core/Src/adapter.o
 .debug_macro   0x00015ac5      0x1a1 ./Core/Src/adapter.o
 .debug_macro   0x00015c66      0x4f2 ./Core/Src/adapter.o
 .debug_macro   0x00016158       0x58 ./Core/Src/adapter.o
 .debug_macro   0x000161b0      0x266 ./Core/Src/adapter.o
 .debug_macro   0x00016416      0x214 ./Core/Src/button.o
 .debug_macro   0x0001662a       0x52 ./Core/Src/button.o
 .debug_macro   0x0001667c      0x20a ./Core/Src/diks.o
 .debug_macro   0x00016886      0x200 ./Core/Src/i2c.o
 .debug_macro   0x00016a86      0x21e ./Core/Src/led.o
 .debug_macro   0x00016ca4      0x23c ./Core/Src/main.o
 .debug_macro   0x00016ee0      0x260 ./Core/Src/main.o
 .debug_macro   0x00017140      0x1f3 ./Core/Src/stm32g0xx_hal_msp.o
 .debug_macro   0x00017333      0x1fd ./Core/Src/stm32g0xx_it.o
 .debug_macro   0x00017530      0x1e4 ./Core/Src/system_stm32g0xx.o
 .debug_macro   0x00017714      0x208 ./Drivers/STM32G0xx_HAL_Driver/Src/stm32g0xx_hal.o
 .debug_macro   0x0001791c      0x1e4 ./Drivers/STM32G0xx_HAL_Driver/Src/stm32g0xx_hal_cortex.o
 .debug_macro   0x00017b00      0x1e4 ./Drivers/STM32G0xx_HAL_Driver/Src/stm32g0xx_hal_dma.o
 .debug_macro   0x00017ce4      0x1eb ./Drivers/STM32G0xx_HAL_Driver/Src/stm32g0xx_hal_gpio.o
 .debug_macro   0x00017ecf      0x2b0 ./Drivers/STM32G0xx_HAL_Driver/Src/stm32g0xx_hal_i2c.o
 .debug_macro   0x0001817f      0x1e4 ./Drivers/STM32G0xx_HAL_Driver/Src/stm32g0xx_hal_i2c_ex.o
 .debug_macro   0x00018363      0x20e ./Drivers/STM32G0xx_HAL_Driver/Src/stm32g0xx_hal_pwr_ex.o
 .debug_macro   0x00018571      0x226 ./Drivers/STM32G0xx_HAL_Driver/Src/stm32g0xx_hal_rcc.o
 .debug_macro   0x00018797      0x1fc ./Drivers/STM32G0xx_HAL_Driver/Src/stm32g0xx_hal_rcc_ex.o
 .debug_macro   0x00018993      0x1ec ./Drivers/STM32G0xx_HAL_Driver/Src/stm32g0xx_hal_tim.o
 .debug_macro   0x00018b7f      0x1ea ./Drivers/STM32G0xx_HAL_Driver/Src/stm32g0xx_hal_tim_ex.o

.debug_line     0x00000000    0x1504f
 .debug_line    0x00000000      0xa77 ./Core/Src/adapter.o
 .debug_line    0x00000a77      0x892 ./Core/Src/button.o
 .debug_line    0x00001309      0xbfb ./Core/Src/diks.o
 .debug_line    0x00001f04      0x7f0 ./Core/Src/i2c.o
 .debug_line    0x000026f4      0xcf3 ./Core/Src/led.o
 .debug_line    0x000033e7      0xba8 ./Core/Src/main.o
 .debug_line    0x00003f8f      0x8bc ./Core/Src/stm32g0xx_hal_msp.o
 .debug_line    0x0000484b      0x899 ./Core/Src/stm32g0xx_it.o
 .debug_line    0x000050e4      0x802 ./Core/Src/system_stm32g0xx.o
 .debug_line    0x000058e6       0x7b ./Core/Startup/startup_stm32g071r8tx.o
 .debug_line    0x00005961      0xb38 ./Drivers/STM32G0xx_HAL_Driver/Src/stm32g0xx_hal.o
 .debug_line    0x00006499      0xbdd ./Drivers/STM32G0xx_HAL_Driver/Src/stm32g0xx_hal_cortex.o
 .debug_line    0x00007076      0xddf ./Drivers/STM32G0xx_HAL_Driver/Src/stm32g0xx_hal_dma.o
 .debug_line    0x00007e55      0xbc1 ./Drivers/STM32G0xx_HAL_Driver/Src/stm32g0xx_hal_gpio.o
 .debug_line    0x00008a16     0x3a7a ./Drivers/STM32G0xx_HAL_Driver/Src/stm32g0xx_hal_i2c.o
 .debug_line    0x0000c490      0x9ad ./Drivers/STM32G0xx_HAL_Driver/Src/stm32g0xx_hal_i2c_ex.o
 .debug_line    0x0000ce3d      0xb21 ./Drivers/STM32G0xx_HAL_Driver/Src/stm32g0xx_hal_pwr_ex.o
 .debug_line    0x0000d95e      0xf61 ./Drivers/STM32G0xx_HAL_Driver/Src/stm32g0xx_hal_rcc.o
 .debug_line    0x0000e8bf      0xd92 ./Drivers/STM32G0xx_HAL_Driver/Src/stm32g0xx_hal_rcc_ex.o
 .debug_line    0x0000f651     0x3d37 ./Drivers/STM32G0xx_HAL_Driver/Src/stm32g0xx_hal_tim.o
 .debug_line    0x00013388     0x1cc7 ./Drivers/STM32G0xx_HAL_Driver/Src/stm32g0xx_hal_tim_ex.o

.debug_str      0x00000000    0x9bd58
 .debug_str     0x00000000    0x975bb ./Core/Src/adapter.o
                              0x97c03 (size before relaxing)
 .debug_str     0x000975bb       0xdf ./Core/Src/button.o
                              0x972df (size before relaxing)
 .debug_str     0x0009769a      0x1ca ./Core/Src/diks.o
                              0x9790d (size before relaxing)
 .debug_str     0x00097864       0x7a ./Core/Src/i2c.o
                              0x977d5 (size before relaxing)
 .debug_str     0x000978de      0x116 ./Core/Src/led.o
                              0x97960 (size before relaxing)
 .debug_str     0x000979f4      0x814 ./Core/Src/main.o
                              0x985b9 (size before relaxing)
 .debug_str     0x00098208      0x20c ./Core/Src/stm32g0xx_hal_msp.o
                              0x97e31 (size before relaxing)
 .debug_str     0x00098414      0x16e ./Core/Src/stm32g0xx_it.o
                              0x97a41 (size before relaxing)
 .debug_str     0x00098582       0x8e ./Core/Src/system_stm32g0xx.o
                              0x96572 (size before relaxing)
 .debug_str     0x00098610       0x44 ./Core/Startup/startup_stm32g071r8tx.o
                                 0x8b (size before relaxing)
 .debug_str     0x00098654      0x551 ./Drivers/STM32G0xx_HAL_Driver/Src/stm32g0xx_hal.o
                              0x96d6f (size before relaxing)
 .debug_str     0x00098ba5      0x29f ./Drivers/STM32G0xx_HAL_Driver/Src/stm32g0xx_hal_cortex.o
                              0x96a39 (size before relaxing)
 .debug_str     0x00098e44      0x288 ./Drivers/STM32G0xx_HAL_Driver/Src/stm32g0xx_hal_dma.o
                              0x96a0c (size before relaxing)
 .debug_str     0x000990cc      0x131 ./Drivers/STM32G0xx_HAL_Driver/Src/stm32g0xx_hal_gpio.o
                              0x966bb (size before relaxing)
 .debug_str     0x000991fd      0xd42 ./Drivers/STM32G0xx_HAL_Driver/Src/stm32g0xx_hal_i2c.o
                              0x97935 (size before relaxing)
 .debug_str     0x00099f3f       0xb8 ./Drivers/STM32G0xx_HAL_Driver/Src/stm32g0xx_hal_i2c_ex.o
                              0x96bb1 (size before relaxing)
 .debug_str     0x00099ff7      0x38b ./Drivers/STM32G0xx_HAL_Driver/Src/stm32g0xx_hal_pwr_ex.o
                              0x969ff (size before relaxing)
 .debug_str     0x0009a382      0x473 ./Drivers/STM32G0xx_HAL_Driver/Src/stm32g0xx_hal_rcc.o
                              0x96cc8 (size before relaxing)
 .debug_str     0x0009a7f5      0x185 ./Drivers/STM32G0xx_HAL_Driver/Src/stm32g0xx_hal_rcc_ex.o
                              0x9693c (size before relaxing)
 .debug_str     0x0009a97a      0xde5 ./Drivers/STM32G0xx_HAL_Driver/Src/stm32g0xx_hal_tim.o
                              0x97ab4 (size before relaxing)
 .debug_str     0x0009b75f      0x5f9 ./Drivers/STM32G0xx_HAL_Driver/Src/stm32g0xx_hal_tim_ex.o
                              0x97442 (size before relaxing)

.comment        0x00000000       0x43
 .comment       0x00000000       0x43 ./Core/Src/adapter.o
                                 0x44 (size before relaxing)
 .comment       0x00000043       0x44 ./Core/Src/button.o
 .comment       0x00000043       0x44 ./Core/Src/diks.o
 .comment       0x00000043       0x44 ./Core/Src/i2c.o
 .comment       0x00000043       0x44 ./Core/Src/led.o
 .comment       0x00000043       0x44 ./Core/Src/main.o
 .comment       0x00000043       0x44 ./Core/Src/stm32g0xx_hal_msp.o
 .comment       0x00000043       0x44 ./Core/Src/stm32g0xx_it.o
 .comment       0x00000043       0x44 ./Core/Src/system_stm32g0xx.o
 .comment       0x00000043       0x44 ./Drivers/STM32G0xx_HAL_Driver/Src/stm32g0xx_hal.o
 .comment       0x00000043       0x44 ./Drivers/STM32G0xx_HAL_Driver/Src/stm32g0xx_hal_cortex.o
 .comment       0x00000043       0x44 ./Drivers/STM32G0xx_HAL_Driver/Src/stm32g0xx_hal_dma.o
 .comment       0x00000043       0x44 ./Drivers/STM32G0xx_HAL_Driver/Src/stm32g0xx_hal_gpio.o
 .comment       0x00000043       0x44 ./Drivers/STM32G0xx_HAL_Driver/Src/stm32g0xx_hal_i2c.o
 .comment       0x00000043       0x44 ./Drivers/STM32G0xx_HAL_Driver/Src/stm32g0xx_hal_i2c_ex.o
 .comment       0x00000043       0x44 ./Drivers/STM32G0xx_HAL_Driver/Src/stm32g0xx_hal_pwr_ex.o
 .comment       0x00000043       0x44 ./Drivers/STM32G0xx_HAL_Driver/Src/stm32g0xx_hal_rcc.o
 .comment       0x00000043       0x44 ./Drivers/STM32G0xx_HAL_Driver/Src/stm32g0xx_hal_rcc_ex.o
 .comment       0x00000043       0x44 ./Drivers/STM32G0xx_HAL_Driver/Src/stm32g0xx_hal_tim.o
 .comment       0x00000043       0x44 ./Drivers/STM32G0xx_HAL_Driver/Src/stm32g0xx_hal_tim_ex.o

.debug_frame    0x00000000     0x388c
 .debug_frame   0x00000000       0xa8 ./Core/Src/adapter.o
 .debug_frame   0x000000a8       0x70 ./Core/Src/button.o
 .debug_frame   0x00000118       0xd4 ./Core/Src/diks.o
 .debug_frame   0x000001ec       0x88 ./Core/Src/i2c.o
 .debug_frame   0x00000274      0x130 ./Core/Src/led.o
 .debug_frame   0x000003a4      0x17c ./Core/Src/main.o
 .debug_frame   0x00000520       0xb0 ./Core/Src/stm32g0xx_hal_msp.o
 .debug_frame   0x000005d0      0x144 ./Core/Src/stm32g0xx_it.o
 .debug_frame   0x00000714       0x4c ./Core/Src/system_stm32g0xx.o
 .debug_frame   0x00000760      0x3dc ./Drivers/STM32G0xx_HAL_Driver/Src/stm32g0xx_hal.o
 .debug_frame   0x00000b3c      0x33c ./Drivers/STM32G0xx_HAL_Driver/Src/stm32g0xx_hal_cortex.o
 .debug_frame   0x00000e78      0x1f0 ./Drivers/STM32G0xx_HAL_Driver/Src/stm32g0xx_hal_dma.o
 .debug_frame   0x00001068      0x130 ./Drivers/STM32G0xx_HAL_Driver/Src/stm32g0xx_hal_gpio.o
 .debug_frame   0x00001198      0xa68 ./Drivers/STM32G0xx_HAL_Driver/Src/stm32g0xx_hal_i2c.o
 .debug_frame   0x00001c00       0xd0 ./Drivers/STM32G0xx_HAL_Driver/Src/stm32g0xx_hal_i2c_ex.o
 .debug_frame   0x00001cd0      0x32c ./Drivers/STM32G0xx_HAL_Driver/Src/stm32g0xx_hal_pwr_ex.o
 .debug_frame   0x00001ffc      0x214 ./Drivers/STM32G0xx_HAL_Driver/Src/stm32g0xx_hal_rcc.o
 .debug_frame   0x00002210       0xb0 ./Drivers/STM32G0xx_HAL_Driver/Src/stm32g0xx_hal_rcc_ex.o
 .debug_frame   0x000022c0      0xf40 ./Drivers/STM32G0xx_HAL_Driver/Src/stm32g0xx_hal_tim.o
 .debug_frame   0x00003200      0x620 ./Drivers/STM32G0xx_HAL_Driver/Src/stm32g0xx_hal_tim_ex.o
 .debug_frame   0x00003820       0x20 C:/ST/STM32CubeIDE_1.16.1/STM32CubeIDE/plugins/com.st.stm32cube.ide.mcu.externaltools.gnu-tools-for-stm32.12.3.rel1.win32_1.0.200.202406191623/tools/bin/../lib/gcc/arm-none-eabi/12.3.1/../../../../arm-none-eabi/lib/thumb/v6-m/nofp\libc_nano.a(libc_a-memset.o)
 .debug_frame   0x00003840       0x2c C:/ST/STM32CubeIDE_1.16.1/STM32CubeIDE/plugins/com.st.stm32cube.ide.mcu.externaltools.gnu-tools-for-stm32.12.3.rel1.win32_1.0.200.202406191623/tools/bin/../lib/gcc/arm-none-eabi/12.3.1/../../../../arm-none-eabi/lib/thumb/v6-m/nofp\libc_nano.a(libc_a-init.o)
 .debug_frame   0x0000386c       0x20 C:/ST/STM32CubeIDE_1.16.1/STM32CubeIDE/plugins/com.st.stm32cube.ide.mcu.externaltools.gnu-tools-for-stm32.12.3.rel1.win32_1.0.200.202406191623/tools/bin/../lib/gcc/arm-none-eabi/12.3.1/thumb/v6-m/nofp\libgcc.a(_udivsi3.o)

.debug_line_str
                0x00000000       0x6f
 .debug_line_str
                0x00000000       0x6f ./Core/Startup/startup_stm32g071r8tx.o
