Archive member included to satisfy reference by file (symbol)

C:/ST/STM32CubeIDE_1.16.1/STM32CubeIDE/plugins/com.st.stm32cube.ide.mcu.externaltools.gnu-tools-for-stm32.12.3.rel1.win32_1.0.200.202406191623/tools/bin/../lib/gcc/arm-none-eabi/12.3.1/../../../../arm-none-eabi/lib/thumb/v6-m/nofp\libc_nano.a(libc_a-exit.o)
                              C:/ST/STM32CubeIDE_1.16.1/STM32CubeIDE/plugins/com.st.stm32cube.ide.mcu.externaltools.gnu-tools-for-stm32.12.3.rel1.win32_1.0.200.202406191623/tools/bin/../lib/gcc/arm-none-eabi/12.3.1/../../../../arm-none-eabi/lib/thumb/v6-m/nofp/crt0.o (exit)
C:/ST/STM32CubeIDE_1.16.1/STM32CubeIDE/plugins/com.st.stm32cube.ide.mcu.externaltools.gnu-tools-for-stm32.12.3.rel1.win32_1.0.200.202406191623/tools/bin/../lib/gcc/arm-none-eabi/12.3.1/../../../../arm-none-eabi/lib/thumb/v6-m/nofp\libc_nano.a(libc_a-findfp.o)
                              C:/ST/STM32CubeIDE_1.16.1/STM32CubeIDE/plugins/com.st.stm32cube.ide.mcu.externaltools.gnu-tools-for-stm32.12.3.rel1.win32_1.0.200.202406191623/tools/bin/../lib/gcc/arm-none-eabi/12.3.1/../../../../arm-none-eabi/lib/thumb/v6-m/nofp\libc_nano.a(libc_a-exit.o) (__stdio_exit_handler)
C:/ST/STM32CubeIDE_1.16.1/STM32CubeIDE/plugins/com.st.stm32cube.ide.mcu.externaltools.gnu-tools-for-stm32.12.3.rel1.win32_1.0.200.202406191623/tools/bin/../lib/gcc/arm-none-eabi/12.3.1/../../../../arm-none-eabi/lib/thumb/v6-m/nofp\libc_nano.a(libc_a-fwalk.o)
                              C:/ST/STM32CubeIDE_1.16.1/STM32CubeIDE/plugins/com.st.stm32cube.ide.mcu.externaltools.gnu-tools-for-stm32.12.3.rel1.win32_1.0.200.202406191623/tools/bin/../lib/gcc/arm-none-eabi/12.3.1/../../../../arm-none-eabi/lib/thumb/v6-m/nofp\libc_nano.a(libc_a-findfp.o) (_fwalk_sglue)
C:/ST/STM32CubeIDE_1.16.1/STM32CubeIDE/plugins/com.st.stm32cube.ide.mcu.externaltools.gnu-tools-for-stm32.12.3.rel1.win32_1.0.200.202406191623/tools/bin/../lib/gcc/arm-none-eabi/12.3.1/../../../../arm-none-eabi/lib/thumb/v6-m/nofp\libc_nano.a(libc_a-stdio.o)
                              C:/ST/STM32CubeIDE_1.16.1/STM32CubeIDE/plugins/com.st.stm32cube.ide.mcu.externaltools.gnu-tools-for-stm32.12.3.rel1.win32_1.0.200.202406191623/tools/bin/../lib/gcc/arm-none-eabi/12.3.1/../../../../arm-none-eabi/lib/thumb/v6-m/nofp\libc_nano.a(libc_a-findfp.o) (__sread)
C:/ST/STM32CubeIDE_1.16.1/STM32CubeIDE/plugins/com.st.stm32cube.ide.mcu.externaltools.gnu-tools-for-stm32.12.3.rel1.win32_1.0.200.202406191623/tools/bin/../lib/gcc/arm-none-eabi/12.3.1/../../../../arm-none-eabi/lib/thumb/v6-m/nofp\libc_nano.a(libc_a-memset.o)
                              C:/ST/STM32CubeIDE_1.16.1/STM32CubeIDE/plugins/com.st.stm32cube.ide.mcu.externaltools.gnu-tools-for-stm32.12.3.rel1.win32_1.0.200.202406191623/tools/bin/../lib/gcc/arm-none-eabi/12.3.1/../../../../arm-none-eabi/lib/thumb/v6-m/nofp/crt0.o (memset)
C:/ST/STM32CubeIDE_1.16.1/STM32CubeIDE/plugins/com.st.stm32cube.ide.mcu.externaltools.gnu-tools-for-stm32.12.3.rel1.win32_1.0.200.202406191623/tools/bin/../lib/gcc/arm-none-eabi/12.3.1/../../../../arm-none-eabi/lib/thumb/v6-m/nofp\libc_nano.a(libc_a-closer.o)
                              C:/ST/STM32CubeIDE_1.16.1/STM32CubeIDE/plugins/com.st.stm32cube.ide.mcu.externaltools.gnu-tools-for-stm32.12.3.rel1.win32_1.0.200.202406191623/tools/bin/../lib/gcc/arm-none-eabi/12.3.1/../../../../arm-none-eabi/lib/thumb/v6-m/nofp\libc_nano.a(libc_a-stdio.o) (_close_r)
C:/ST/STM32CubeIDE_1.16.1/STM32CubeIDE/plugins/com.st.stm32cube.ide.mcu.externaltools.gnu-tools-for-stm32.12.3.rel1.win32_1.0.200.202406191623/tools/bin/../lib/gcc/arm-none-eabi/12.3.1/../../../../arm-none-eabi/lib/thumb/v6-m/nofp\libc_nano.a(libc_a-reent.o)
                              C:/ST/STM32CubeIDE_1.16.1/STM32CubeIDE/plugins/com.st.stm32cube.ide.mcu.externaltools.gnu-tools-for-stm32.12.3.rel1.win32_1.0.200.202406191623/tools/bin/../lib/gcc/arm-none-eabi/12.3.1/../../../../arm-none-eabi/lib/thumb/v6-m/nofp\libc_nano.a(libc_a-closer.o) (errno)
C:/ST/STM32CubeIDE_1.16.1/STM32CubeIDE/plugins/com.st.stm32cube.ide.mcu.externaltools.gnu-tools-for-stm32.12.3.rel1.win32_1.0.200.202406191623/tools/bin/../lib/gcc/arm-none-eabi/12.3.1/../../../../arm-none-eabi/lib/thumb/v6-m/nofp\libc_nano.a(libc_a-impure.o)
                              C:/ST/STM32CubeIDE_1.16.1/STM32CubeIDE/plugins/com.st.stm32cube.ide.mcu.externaltools.gnu-tools-for-stm32.12.3.rel1.win32_1.0.200.202406191623/tools/bin/../lib/gcc/arm-none-eabi/12.3.1/../../../../arm-none-eabi/lib/thumb/v6-m/nofp\libc_nano.a(libc_a-reent.o) (_impure_ptr)
C:/ST/STM32CubeIDE_1.16.1/STM32CubeIDE/plugins/com.st.stm32cube.ide.mcu.externaltools.gnu-tools-for-stm32.12.3.rel1.win32_1.0.200.202406191623/tools/bin/../lib/gcc/arm-none-eabi/12.3.1/../../../../arm-none-eabi/lib/thumb/v6-m/nofp\libc_nano.a(libc_a-lseekr.o)
[...]
Memory Configuration

Name             Origin             Length             Attributes
RAM              0x20000000         0x00009000         xrw
FLASH            0x08000000         0x00010000         xr
*default*        0x00000000         0xffffffff

Linker script and memory map

LOAD C:/ST/STM32CubeIDE_1.16.1/STM32CubeIDE/plugins/com.st.stm32cube.ide.mcu.externaltools.gnu-tools-for-stm32.12.3.rel1.win32_1.0.200.202406191623/tools/bin/../lib/gcc/arm-none-eabi/12.3.1/thumb/v6-m/nofp/crti.o
LOAD C:/ST/STM32CubeIDE_1.16.1/STM32CubeIDE/plugins/com.st.stm32cube.ide.mcu.externaltools.gnu-tools-for-stm32.12.3.rel1.win32_1.0.200.202406191623/tools/bin/../lib/gcc/arm-none-eabi/12.3.1/thumb/v6-m/nofp/crtbegin.o
LOAD C:/ST/STM32CubeIDE_1.16.1/STM32CubeIDE/plugins/com.st.stm32cube.ide.mcu.externaltools.gnu-tools-for-stm32.12.3.rel1.win32_1.0.200.202406191623/tools/bin/../lib/gcc/arm-none-eabi/12.3.1/../../../../arm-none-eabi/lib/thumb/v6-m/nofp/crt0.o
LOAD ./Core/Src/main.o
LOAD ./Core/Src/stm32g0xx_hal_msp.o
LOAD ./Core/Src/stm32g0xx_it.o
LOAD ./Core/Src/syscalls.o
LOAD ./Core/Src/sysmem.o
LOAD ./Core/Src/system_stm32g0xx.o
LOAD ./Core/Startup/startup_stm32g071r8tx.o
LOAD ./Drivers/STM32G0xx_HAL_Driver/Src/stm32g0xx_hal.o
LOAD ./Drivers/STM32G0xx_HAL_Driver/Src/stm32g0xx_hal_cortex.o
LOAD ./Drivers/STM32G0xx_HAL_Driver/Src/stm32g0xx_hal_dma.o
LOAD ./Drivers/STM32G0xx_HAL_Driver/Src/stm32g0xx_hal_dma_ex.o
LOAD ./Drivers/STM32G0xx_HAL_Driver/Src/stm32g0xx_hal_exti.o
LOAD ./Drivers/STM32G0xx_HAL_Driver/Src/stm32g0xx_hal_flash.o
LOAD ./Drivers/STM32G0xx_HAL_Driver/Src/stm32g0xx_hal_flash_ex.o
LOAD ./Drivers/STM32G0xx_HAL_Driver/Src/stm32g0xx_hal_gpio.o
LOAD ./Drivers/STM32G0xx_HAL_Driver/Src/stm32g0xx_hal_i2c.o
LOAD ./Drivers/STM32G0xx_HAL_Driver/Src/stm32g0xx_hal_i2c_ex.o
LOAD ./Drivers/STM32G0xx_HAL_Driver/Src/stm32g0xx_hal_iwdg.o
LOAD ./Drivers/STM32G0xx_HAL_Driver/Src/stm32g0xx_hal_pwr.o
LOAD ./Drivers/STM32G0xx_HAL_Driver/Src/stm32g0xx_hal_pwr_ex.o
LOAD ./Drivers/STM32G0xx_HAL_Driver/Src/stm32g0xx_hal_rcc.o
LOAD ./Drivers/STM32G0xx_HAL_Driver/Src/stm32g0xx_hal_rcc_ex.o
LOAD ./Drivers/STM32G0xx_HAL_Driver/Src/stm32g0xx_hal_tim.o
LOAD ./Drivers/STM32G0xx_HAL_Driver/Src/stm32g0xx_hal_tim_ex.o
LOAD ./Drivers/STM32G0xx_HAL_Driver/Src/stm32g0xx_ll_rcc.o
START GROUP
LOAD C:/ST/STM32CubeIDE_1.16.1/STM32CubeIDE/plugins/com.st.stm32cube.ide.mcu.externaltools.gnu-tools-for-stm32.12.3.rel1.win32_1.0.200.202406191623/tools/bin/../lib/gcc/arm-none-eabi/12.3.1/../../../../arm-none-eabi/lib/thumb/v6-m/nofp\libc_nano.a
LOAD C:/ST/STM32CubeIDE_1.16.1/STM32CubeIDE/plugins/com.st.stm32cube.ide.mcu.externaltools.gnu-tools-for-stm32.12.3.rel1.win32_1.0.200.202406191623/tools/bin/../lib/gcc/arm-none-eabi/12.3.1/../../../../arm-none-eabi/lib/thumb/v6-m/nofp\libm.a
END GROUP
START GROUP
LOAD C:/ST/STM32CubeIDE_1.16.1/STM32CubeIDE/plugins/com.st.stm32cube.ide.mcu.externaltools.gnu-tools-for-stm32.12.3.rel1.win32_1.0.200.202406191623/tools/bin/../lib/gcc/arm-none-eabi/12.3.1/thumb/v6-m/nofp\libgcc.a
LOAD C:/ST/STM32CubeIDE_1.16.1/STM32CubeIDE/plugins/com.st.stm32cube.ide.mcu.externaltools.gnu-tools-for-stm32.12.3.rel1.win32_1.0.200.202406191623/tools/bin/../lib/gcc/arm-none-eabi/12.3.1/../../../../arm-none-eabi/lib/thumb/v6-m/nofp\libc_nano.a
END GROUP
START GROUP
LOAD C:/ST/STM32CubeIDE_1.16.1/STM32CubeIDE/plugins/com.st.stm32cube.ide.mcu.externaltools.gnu-tools-for-stm32.12.3.rel1.win32_1.0.200.202406191623/tools/bin/../lib/gcc/arm-none-eabi/12.3.1/thumb/v6-m/nofp\libgcc.a
LOAD C:/ST/STM32CubeIDE_1.16.1/STM32CubeIDE/plugins/com.st.stm32cube.ide.mcu.externaltools.gnu-tools-for-stm32.12.3.rel1.win32_1.0.200.202406191623/tools/bin/../lib/gcc/arm-none-eabi/12.3.1/../../../../arm-none-eabi/lib/thumb/v6-m/nofp\libc_nano.a
LOAD C:/ST/STM32CubeIDE_1.16.1/STM32CubeIDE/plugins/com.st.stm32cube.ide.mcu.externaltools.gnu-tools-for-stm32.12.3.rel1.win32_1.0.200.202406191623/tools/bin/../lib/gcc/arm-none-eabi/12.3.1/../../../../arm-none-eabi/lib/thumb/v6-m/nofp\libnosys.a
END GROUP
START GROUP
LOAD C:/ST/STM32CubeIDE_1.16.1/STM32CubeIDE/plugins/com.st.stm32cube.ide.mcu.externaltools.gnu-tools-for-stm32.12.3.rel1.win32_1.0.200.202406191623/tools/bin/../lib/gcc/arm-none-eabi/12.3.1/thumb/v6-m/nofp\libgcc.a
LOAD C:/ST/STM32CubeIDE_1.16.1/STM32CubeIDE/plugins/com.st.stm32cube.ide.mcu.externaltools.gnu-tools-for-stm32.12.3.rel1.win32_1.0.200.202406191623/tools/bin/../lib/gcc/arm-none-eabi/12.3.1/../../../../arm-none-eabi/lib/thumb/v6-m/nofp\libc_nano.a
LOAD C:/ST/STM32CubeIDE_1.16.1/STM32CubeIDE/plugins/com.st.stm32cube.ide.mcu.externaltools.gnu-tools-for-stm32.12.3.rel1.win32_1.0.200.202406191623/tools/bin/../lib/gcc/arm-none-eabi/12.3.1/../../../../arm-none-eabi/lib/thumb/v6-m/nofp\libnosys.a
END GROUP
LOAD C:/ST/STM32CubeIDE_1.16.1/STM32CubeIDE/plugins/com.st.stm32cube.ide.mcu.externaltools.gnu-tools-for-stm32.12.3.rel1.win32_1.0.200.202406191623/tools/bin/../lib/gcc/arm-none-eabi/12.3.1/thumb/v6-m/nofp/crtend.o
LOAD C:/ST/STM32CubeIDE_1.16.1/STM32CubeIDE/plugins/com.st.stm32cube.ide.mcu.externaltools.gnu-tools-for-stm32.12.3.rel1.win32_1.0.200.202406191623/tools/bin/../lib/gcc/arm-none-eabi/12.3.1/thumb/v6-m/nofp/crtn.o
                0x20009000                        _estack = (ORIGIN (RAM) + LENGTH (RAM))
                0x00000200                        _Min_Heap_Size = 0x200
                0x00000400                        _Min_Stack_Size = 0x400

.isr_vector     0x08000000       0xbc
                0x08000000                        . = ALIGN (0x4)
 *(.isr_vector)
 .isr_vector    0x08000000       0xbc ./Core/Startup/startup_stm32g071r8tx.o
                0x08000000                g_pfnVectors
                0x080000bc                        . = ALIGN (0x4)

.text           0x080000bc     0x6a5c
                0x080000bc                        . = ALIGN (0x4)
 *(.text)
 .text          0x080000bc       0x48 C:/ST/STM32CubeIDE_1.16.1/STM32CubeIDE/plugins/com.st.stm32cube.ide.mcu.externaltools.gnu-tools-for-stm32.12.3.rel1.win32_1.0.200.202406191623/tools/bin/../lib/gcc/arm-none-eabi/12.3.1/thumb/v6-m/nofp/crtbegin.o
 .text          0x08000104      0x114 C:/ST/STM32CubeIDE_1.16.1/STM32CubeIDE/plugins/com.st.stm32cube.ide.mcu.externaltools.gnu-tools-for-stm32.12.3.rel1.win32_1.0.200.202406191623/tools/bin/../lib/gcc/arm-none-eabi/12.3.1/thumb/v6-m/nofp\libgcc.a(_udivsi3.o)
                0x08000104                __aeabi_uidiv
                0x08000104                __udivsi3
                0x08000210                __aeabi_uidivmod
 .text          0x08000218        0x4 C:/ST/STM32CubeIDE_1.16.1/STM32CubeIDE/plugins/com.st.stm32cube.ide.mcu.externaltools.gnu-tools-for-stm32.12.3.rel1.win32_1.0.200.202406191623/tools/bin/../lib/gcc/arm-none-eabi/12.3.1/thumb/v6-m/nofp\libgcc.a(_dvmd_tls.o)
                0x08000218                __aeabi_idiv0
                0x08000218                __aeabi_ldiv0
 *(.text*)
 .text.i2c_read
                0x0800021c       0x58 ./Core/Src/main.o
                0x0800021c                i2c_read
 .text.UpdateLED
                0x08000274      0x19c ./Core/Src/main.o
                0x08000274                UpdateLED
 .text.StartBlinking
                0x08000410       0x3c ./Core/Src/main.o
                0x08000410                StartBlinking
 .text.HandleButtonAction
                0x0800044c       0xdc ./Core/Src/main.o
                0x0800044c                HandleButtonAction
 .text.UpdateDiskStatus
                0x08000528       0x68 ./Core/Src/main.o
                0x08000528                UpdateDiskStatus
 .text.Read_Disk_Status
                0x08000590      0x17c ./Core/Src/main.o
                0x08000590                Read_Disk_Status
 .text.Decode_Disk_Status
                0x0800070c       0xd6 ./Core/Src/main.o
                0x0800070c                Decode_Disk_Status
 *fill*         0x080007e2        0x2 
 .text.main     0x080007e4      0x260 ./Core/Src/main.o
                0x080007e4                main
 .text.SystemClock_Config
                0x08000a44       0xba ./Core/Src/main.o
                0x08000a44                SystemClock_Config
 .text.MX_NVIC_Init
                0x08000afe       0x6a ./Core/Src/main.o
 .text.MX_I2C2_Init
                0x08000b68       0x84 ./Core/Src/main.o
 .text.MX_TIM1_Init
                0x08000bec       0xb8 ./Core/Src/main.o
 .text.MX_TIM2_Init
                0x08000ca4       0xac ./Core/Src/main.o
 .text.MX_TIM3_Init
                0x08000d50       0xb0 ./Core/Src/main.o
 .text.MX_DMA_Init
                0x08000e00       0x2c ./Core/Src/main.o
 .text.MX_GPIO_Init
                0x08000e2c      0x268 ./Core/Src/main.o
 .text.Set_devslp
                0x08001094      0x154 ./Core/Src/main.o
                0x08001094                Set_devslp
 .text.Initialize_Disks
                0x080011e8       0x5c ./Core/Src/main.o
                0x080011e8                Initialize_Disks
 .text.ResetBus
                0x08001244       0xf4 ./Core/Src/main.o
                0x08001244                ResetBus
 .text.Set_Led  0x08001338       0xfc ./Core/Src/main.o
                0x08001338                Set_Led
 .text.Set_Led_On
                0x08001434       0x70 ./Core/Src/main.o
                0x08001434                Set_Led_On
 .text.Set_Led_Off
                0x080014a4       0x48 ./Core/Src/main.o
                0x080014a4                Set_Led_Off
 .text.Led_Init
                0x080014ec       0xf8 ./Core/Src/main.o
                0x080014ec                Led_Init
 .text.readTemperature
                0x080015e4       0x7e ./Core/Src/main.o
                0x080015e4                readTemperature
 .text.getMaxTemperature
                0x08001662       0x3a ./Core/Src/main.o
                0x08001662                getMaxTemperature
 .text.Read_disks_connected
                0x0800169c      0x378 ./Core/Src/main.o
                0x0800169c                Read_disks_connected
 .text.Read_Register
                0x08001a14       0x50 ./Core/Src/main.o
                0x08001a14                Read_Register
 .text.UpdateLEDStates
                0x08001a64      0x484 ./Core/Src/main.o
                0x08001a64                UpdateLEDStates
 .text.InitializeDiskPins
                0x08001ee8      0x18c ./Core/Src/main.o
                0x08001ee8                InitializeDiskPins
 .text.PowerOnAdapter
                0x08002074      0x1a0 ./Core/Src/main.o
                0x08002074                PowerOnAdapter
 .text.PowerOffAdapter
                0x08002214      0x118 ./Core/Src/main.o
                0x08002214                PowerOffAdapter
 .text.UpdateCPU_PSON
                0x0800232c       0x54 ./Core/Src/main.o
                0x0800232c                UpdateCPU_PSON
 .text.HardResetAdapter
                0x08002380      0x160 ./Core/Src/main.o
                0x08002380                HardResetAdapter
 .text.HAL_TIM_PeriodElapsedCallback
                0x080024e0       0xc0 ./Core/Src/main.o
                0x080024e0                HAL_TIM_PeriodElapsedCallback
 .text.TransmitTemperature
                0x080025a0       0xe8 ./Core/Src/main.o
                0x080025a0                TransmitTemperature
 .text.HAL_GPIO_EXTI_Falling_Callback
                0x08002688       0x6c ./Core/Src/main.o
                0x08002688                HAL_GPIO_EXTI_Falling_Callback
 .text.Error_Handler
                0x080026f4       0x18 ./Core/Src/main.o
                0x080026f4                Error_Handler
 .text.HAL_MspInit
                0x0800270c       0x58 ./Core/Src/stm32g0xx_hal_msp.o
                0x0800270c                HAL_MspInit
 .text.HAL_I2C_MspInit
                0x08002764      0x150 ./Core/Src/stm32g0xx_hal_msp.o
                0x08002764                HAL_I2C_MspInit
 .text.HAL_TIM_Base_MspInit
                0x080028b4       0xbc ./Core/Src/stm32g0xx_hal_msp.o
                0x080028b4                HAL_TIM_Base_MspInit
 .text.NMI_Handler
                0x08002970        0xc ./Core/Src/stm32g0xx_it.o
                0x08002970                NMI_Handler
 .text.HardFault_Handler
                0x0800297c        0x8 ./Core/Src/stm32g0xx_it.o
                0x0800297c                HardFault_Handler
 .text.SVC_Handler
                0x08002984        0xa ./Core/Src/stm32g0xx_it.o
                0x08002984                SVC_Handler
 .text.PendSV_Handler
                0x0800298e        0xa ./Core/Src/stm32g0xx_it.o
                0x0800298e                PendSV_Handler
 .text.SysTick_Handler
                0x08002998        0xe ./Core/Src/stm32g0xx_it.o
                0x08002998                SysTick_Handler
 .text.RCC_IRQHandler
                0x080029a6        0xa ./Core/Src/stm32g0xx_it.o
                0x080029a6                RCC_IRQHandler
 .text.EXTI4_15_IRQHandler
                0x080029b0       0x1e ./Core/Src/stm32g0xx_it.o
                0x080029b0                EXTI4_15_IRQHandler
 *fill*         0x080029ce        0x2 
 .text.DMA1_Channel1_IRQHandler
                0x080029d0       0x18 ./Core/Src/stm32g0xx_it.o
                0x080029d0                DMA1_Channel1_IRQHandler
 .text.DMA1_Channel2_3_IRQHandler
                0x080029e8       0x18 ./Core/Src/stm32g0xx_it.o
                0x080029e8                DMA1_Channel2_3_IRQHandler
 .text.TIM1_BRK_UP_TRG_COM_IRQHandler
                0x08002a00       0x18 ./Core/Src/stm32g0xx_it.o
                0x08002a00                TIM1_BRK_UP_TRG_COM_IRQHandler
 .text.TIM2_IRQHandler
                0x08002a18       0x18 ./Core/Src/stm32g0xx_it.o
                0x08002a18                TIM2_IRQHandler
 .text.TIM3_IRQHandler
                0x08002a30       0x18 ./Core/Src/stm32g0xx_it.o
                0x08002a30                TIM3_IRQHandler
 .text.I2C2_IRQHandler
                0x08002a48       0x30 ./Core/Src/stm32g0xx_it.o
                0x08002a48                I2C2_IRQHandler
 .text.SystemInit
                0x08002a78        0xa ./Core/Src/system_stm32g0xx.o
                0x08002a78                SystemInit
 *fill*         0x08002a82        0x2 
 .text.Reset_Handler
                0x08002a84       0x50 ./Core/Startup/startup_stm32g071r8tx.o
                0x08002a84                Reset_Handler
 .text.Default_Handler
                0x08002ad4        0x2 ./Core/Startup/startup_stm32g071r8tx.o
                0x08002ad4                USART3_4_LPUART1_IRQHandler
                0x08002ad4                TIM1_CC_IRQHandler
                0x08002ad4                ADC1_COMP_IRQHandler
                0x08002ad4                PVD_IRQHandler
                0x08002ad4                I2C1_IRQHandler
                0x08002ad4                TIM7_LPTIM2_IRQHandler
                0x08002ad4                RTC_TAMP_IRQHandler
                0x08002ad4                SPI1_IRQHandler
                0x08002ad4                EXTI2_3_IRQHandler
                0x08002ad4                TIM17_IRQHandler
                0x08002ad4                TIM16_IRQHandler
                0x08002ad4                Default_Handler
                0x08002ad4                CEC_IRQHandler
                0x08002ad4                TIM14_IRQHandler
                0x08002ad4                TIM15_IRQHandler
                0x08002ad4                EXTI0_1_IRQHandler
                0x08002ad4                SPI2_IRQHandler
                0x08002ad4                TIM6_DAC_LPTIM1_IRQHandler
                0x08002ad4                WWDG_IRQHandler
                0x08002ad4                DMA1_Ch4_7_DMAMUX1_OVR_IRQHandler
                0x08002ad4                UCPD1_2_IRQHandler
                0x08002ad4                USART2_IRQHandler
                0x08002ad4                FLASH_IRQHandler
                0x08002ad4                USART1_IRQHandler
 *fill*         0x08002ad6        0x2 
 .text.HAL_Init
                0x08002ad8       0x40 ./Drivers/STM32G0xx_HAL_Driver/Src/stm32g0xx_hal.o
                0x08002ad8                HAL_Init
 .text.HAL_InitTick
                0x08002b18       0x94 ./Drivers/STM32G0xx_HAL_Driver/Src/stm32g0xx_hal.o
                0x08002b18                HAL_InitTick
 .text.HAL_IncTick
                0x08002bac       0x24 ./Drivers/STM32G0xx_HAL_Driver/Src/stm32g0xx_hal.o
                0x08002bac                HAL_IncTick
 .text.HAL_GetTick
                0x08002bd0       0x14 ./Drivers/STM32G0xx_HAL_Driver/Src/stm32g0xx_hal.o
                0x08002bd0                HAL_GetTick
 .text.HAL_Delay
                0x08002be4       0x48 ./Drivers/STM32G0xx_HAL_Driver/Src/stm32g0xx_hal.o
                0x08002be4                HAL_Delay
 .text.__NVIC_EnableIRQ
                0x08002c2c       0x34 ./Drivers/STM32G0xx_HAL_Driver/Src/stm32g0xx_hal_cortex.o
 .text.__NVIC_SetPriority
                0x08002c60       0xdc ./Drivers/STM32G0xx_HAL_Driver/Src/stm32g0xx_hal_cortex.o
 .text.SysTick_Config
                0x08002d3c       0x48 ./Drivers/STM32G0xx_HAL_Driver/Src/stm32g0xx_hal_cortex.o
 .text.HAL_NVIC_SetPriority
                0x08002d84       0x2a ./Drivers/STM32G0xx_HAL_Driver/Src/stm32g0xx_hal_cortex.o
                0x08002d84                HAL_NVIC_SetPriority
 .text.HAL_NVIC_EnableIRQ
                0x08002dae       0x20 ./Drivers/STM32G0xx_HAL_Driver/Src/stm32g0xx_hal_cortex.o
                0x08002dae                HAL_NVIC_EnableIRQ
 .text.HAL_SYSTICK_Config
                0x08002dce       0x1a ./Drivers/STM32G0xx_HAL_Driver/Src/stm32g0xx_hal_cortex.o
                0x08002dce                HAL_SYSTICK_Config
 .text.HAL_DMA_Init
                0x08002de8      0x114 ./Drivers/STM32G0xx_HAL_Driver/Src/stm32g0xx_hal_dma.o
                0x08002de8                HAL_DMA_Init
 .text.HAL_DMA_Abort_IT
                0x08002efc       0xd4 ./Drivers/STM32G0xx_HAL_Driver/Src/stm32g0xx_hal_dma.o
                0x08002efc                HAL_DMA_Abort_IT
 .text.HAL_DMA_IRQHandler
                0x08002fd0      0x164 ./Drivers/STM32G0xx_HAL_Driver/Src/stm32g0xx_hal_dma.o
                0x08002fd0                HAL_DMA_IRQHandler
 .text.HAL_DMA_GetState
                0x08003134       0x18 ./Drivers/STM32G0xx_HAL_Driver/Src/stm32g0xx_hal_dma.o
                0x08003134                HAL_DMA_GetState
 .text.DMA_CalcDMAMUXChannelBaseAndMask
                0x0800314c       0x58 ./Drivers/STM32G0xx_HAL_Driver/Src/stm32g0xx_hal_dma.o
 .text.DMA_CalcDMAMUXRequestGenBaseAndMask
                0x080031a4       0x48 ./Drivers/STM32G0xx_HAL_Driver/Src/stm32g0xx_hal_dma.o
 .text.HAL_GPIO_Init
                0x080031ec      0x2c8 ./Drivers/STM32G0xx_HAL_Driver/Src/stm32g0xx_hal_gpio.o
                0x080031ec                HAL_GPIO_Init
 .text.HAL_GPIO_ReadPin
                0x080034b4       0x3a ./Drivers/STM32G0xx_HAL_Driver/Src/stm32g0xx_hal_gpio.o
                0x080034b4                HAL_GPIO_ReadPin
 .text.HAL_GPIO_WritePin
                0x080034ee       0x3a ./Drivers/STM32G0xx_HAL_Driver/Src/stm32g0xx_hal_gpio.o
                0x080034ee                HAL_GPIO_WritePin
 .text.HAL_GPIO_EXTI_IRQHandler
                0x08003528       0x54 ./Drivers/STM32G0xx_HAL_Driver/Src/stm32g0xx_hal_gpio.o
                0x08003528                HAL_GPIO_EXTI_IRQHandler
 .text.HAL_GPIO_EXTI_Rising_Callback
                0x0800357c       0x14 ./Drivers/STM32G0xx_HAL_Driver/Src/stm32g0xx_hal_gpio.o
                0x0800357c                HAL_GPIO_EXTI_Rising_Callback
 .text.HAL_I2C_Init
                0x08003590      0x14c ./Drivers/STM32G0xx_HAL_Driver/Src/stm32g0xx_hal_i2c.o
                0x08003590                HAL_I2C_Init
 .text.HAL_I2C_Master_Transmit
                0x080036dc      0x254 ./Drivers/STM32G0xx_HAL_Driver/Src/stm32g0xx_hal_i2c.o
                0x080036dc                HAL_I2C_Master_Transmit
 .text.HAL_I2C_Master_Receive
                0x08003930      0x210 ./Drivers/STM32G0xx_HAL_Driver/Src/stm32g0xx_hal_i2c.o
                0x08003930                HAL_I2C_Master_Receive
 .text.HAL_I2C_Mem_Read
                0x08003b40      0x268 ./Drivers/STM32G0xx_HAL_Driver/Src/stm32g0xx_hal_i2c.o
                0x08003b40                HAL_I2C_Mem_Read
 .text.HAL_I2C_IsDeviceReady
                0x08003da8      0x1f8 ./Drivers/STM32G0xx_HAL_Driver/Src/stm32g0xx_hal_i2c.o
                0x08003da8                HAL_I2C_IsDeviceReady
 .text.HAL_I2C_EV_IRQHandler
                0x08003fa0       0x34 ./Drivers/STM32G0xx_HAL_Driver/Src/stm32g0xx_hal_i2c.o
                0x08003fa0                HAL_I2C_EV_IRQHandler
 .text.HAL_I2C_ER_IRQHandler
                0x08003fd4       0xb2 ./Drivers/STM32G0xx_HAL_Driver/Src/stm32g0xx_hal_i2c.o
                0x08003fd4                HAL_I2C_ER_IRQHandler
 .text.HAL_I2C_SlaveTxCpltCallback
                0x08004086       0x10 ./Drivers/STM32G0xx_HAL_Driver/Src/stm32g0xx_hal_i2c.o
                0x08004086                HAL_I2C_SlaveTxCpltCallback
 .text.HAL_I2C_SlaveRxCpltCallback
                0x08004096       0x10 ./Drivers/STM32G0xx_HAL_Driver/Src/stm32g0xx_hal_i2c.o
                0x08004096                HAL_I2C_SlaveRxCpltCallback
 .text.HAL_I2C_AddrCallback
                0x080040a6       0x20 ./Drivers/STM32G0xx_HAL_Driver/Src/stm32g0xx_hal_i2c.o
                0x080040a6                HAL_I2C_AddrCallback
 .text.HAL_I2C_ListenCpltCallback
                0x080040c6       0x10 ./Drivers/STM32G0xx_HAL_Driver/Src/stm32g0xx_hal_i2c.o
                0x080040c6                HAL_I2C_ListenCpltCallback
 .text.HAL_I2C_ErrorCallback
                0x080040d6       0x10 ./Drivers/STM32G0xx_HAL_Driver/Src/stm32g0xx_hal_i2c.o
                0x080040d6                HAL_I2C_ErrorCallback
 .text.HAL_I2C_AbortCpltCallback
                0x080040e6       0x10 ./Drivers/STM32G0xx_HAL_Driver/Src/stm32g0xx_hal_i2c.o
                0x080040e6                HAL_I2C_AbortCpltCallback
 *fill*         0x080040f6        0x2 
 .text.I2C_Slave_ISR_IT
                0x080040f8      0x200 ./Drivers/STM32G0xx_HAL_Driver/Src/stm32g0xx_hal_i2c.o
 .text.I2C_RequestMemoryRead
                0x080042f8       0xc4 ./Drivers/STM32G0xx_HAL_Driver/Src/stm32g0xx_hal_i2c.o
 .text.I2C_ITAddrCplt
                0x080043bc      0x148 ./Drivers/STM32G0xx_HAL_Driver/Src/stm32g0xx_hal_i2c.o
 .text.I2C_ITSlaveSeqCplt
                0x08004504       0xc8 ./Drivers/STM32G0xx_HAL_Driver/Src/stm32g0xx_hal_i2c.o
 .text.I2C_ITSlaveCplt
                0x080045cc      0x310 ./Drivers/STM32G0xx_HAL_Driver/Src/stm32g0xx_hal_i2c.o
 .text.I2C_ITListenCplt
                0x080048dc       0xb0 ./Drivers/STM32G0xx_HAL_Driver/Src/stm32g0xx_hal_i2c.o
 .text.I2C_ITError
                0x0800498c      0x204 ./Drivers/STM32G0xx_HAL_Driver/Src/stm32g0xx_hal_i2c.o
 .text.I2C_TreatErrorCallback
                0x08004b90       0x52 ./Drivers/STM32G0xx_HAL_Driver/Src/stm32g0xx_hal_i2c.o
 .text.I2C_Flush_TXDR
                0x08004be2       0x44 ./Drivers/STM32G0xx_HAL_Driver/Src/stm32g0xx_hal_i2c.o
 .text.I2C_DMAAbort
                0x08004c26       0x3e ./Drivers/STM32G0xx_HAL_Driver/Src/stm32g0xx_hal_i2c.o
 .text.I2C_WaitOnFlagUntilTimeout
                0x08004c64       0xb0 ./Drivers/STM32G0xx_HAL_Driver/Src/stm32g0xx_hal_i2c.o
 .text.I2C_WaitOnTXISFlagUntilTimeout
                0x08004d14       0x8c ./Drivers/STM32G0xx_HAL_Driver/Src/stm32g0xx_hal_i2c.o
 .text.I2C_WaitOnSTOPFlagUntilTimeout
                0x08004da0       0x86 ./Drivers/STM32G0xx_HAL_Driver/Src/stm32g0xx_hal_i2c.o
 *fill*         0x08004e26        0x2 
 .text.I2C_WaitOnRXNEFlagUntilTimeout
                0x08004e28      0x13c ./Drivers/STM32G0xx_HAL_Driver/Src/stm32g0xx_hal_i2c.o
 .text.I2C_IsErrorOccurred
                0x08004f64      0x1f0 ./Drivers/STM32G0xx_HAL_Driver/Src/stm32g0xx_hal_i2c.o
 .text.I2C_TransferConfig
                0x08005154       0x74 ./Drivers/STM32G0xx_HAL_Driver/Src/stm32g0xx_hal_i2c.o
 .text.I2C_Disable_IRQ
                0x080051c8       0xc6 ./Drivers/STM32G0xx_HAL_Driver/Src/stm32g0xx_hal_i2c.o
 *fill*         0x0800528e        0x2 
 .text.HAL_I2CEx_ConfigAnalogFilter
                0x08005290       0x98 ./Drivers/STM32G0xx_HAL_Driver/Src/stm32g0xx_hal_i2c_ex.o
                0x08005290                HAL_I2CEx_ConfigAnalogFilter
 .text.HAL_I2CEx_ConfigDigitalFilter
                0x08005328       0x98 ./Drivers/STM32G0xx_HAL_Driver/Src/stm32g0xx_hal_i2c_ex.o
                0x08005328                HAL_I2CEx_ConfigDigitalFilter
 .text.HAL_IWDG_Refresh
                0x080053c0       0x20 ./Drivers/STM32G0xx_HAL_Driver/Src/stm32g0xx_hal_iwdg.o
                0x080053c0                HAL_IWDG_Refresh
 .text.HAL_PWREx_ControlVoltageScaling
                0x080053e0       0x80 ./Drivers/STM32G0xx_HAL_Driver/Src/stm32g0xx_hal_pwr_ex.o
                0x080053e0                HAL_PWREx_ControlVoltageScaling
 .text.HAL_RCC_OscConfig
                0x08005460      0x634 ./Drivers/STM32G0xx_HAL_Driver/Src/stm32g0xx_hal_rcc.o
                0x08005460                HAL_RCC_OscConfig
 .text.HAL_RCC_ClockConfig
                0x08005a94      0x210 ./Drivers/STM32G0xx_HAL_Driver/Src/stm32g0xx_hal_rcc.o
                0x08005a94                HAL_RCC_ClockConfig
 .text.HAL_RCC_GetSysClockFreq
                0x08005ca4      0x104 ./Drivers/STM32G0xx_HAL_Driver/Src/stm32g0xx_hal_rcc.o
                0x08005ca4                HAL_RCC_GetSysClockFreq
 .text.HAL_RCC_EnableCSS
                0x08005da8       0x1c ./Drivers/STM32G0xx_HAL_Driver/Src/stm32g0xx_hal_rcc.o
                0x08005da8                HAL_RCC_EnableCSS
 .text.HAL_RCC_NMI_IRQHandler
                0x08005dc4       0x40 ./Drivers/STM32G0xx_HAL_Driver/Src/stm32g0xx_hal_rcc.o
                0x08005dc4                HAL_RCC_NMI_IRQHandler
 .text.HAL_RCC_CSSCallback
                0x08005e04        0xa ./Drivers/STM32G0xx_HAL_Driver/Src/stm32g0xx_hal_rcc.o
                0x08005e04                HAL_RCC_CSSCallback
 .text.HAL_RCC_LSECSSCallback
                0x08005e0e        0xa ./Drivers/STM32G0xx_HAL_Driver/Src/stm32g0xx_hal_rcc.o
                0x08005e0e                HAL_RCC_LSECSSCallback
 .text.HAL_RCCEx_PeriphCLKConfig
                0x08005e18      0x370 ./Drivers/STM32G0xx_HAL_Driver/Src/stm32g0xx_hal_rcc_ex.o
                0x08005e18                HAL_RCCEx_PeriphCLKConfig
 .text.HAL_TIM_Base_Init
                0x08006188       0xb0 ./Drivers/STM32G0xx_HAL_Driver/Src/stm32g0xx_hal_tim.o
                0x08006188                HAL_TIM_Base_Init
 .text.HAL_TIM_Base_Start_IT
                0x08006238       0xb8 ./Drivers/STM32G0xx_HAL_Driver/Src/stm32g0xx_hal_tim.o
                0x08006238                HAL_TIM_Base_Start_IT
 .text.HAL_TIM_Base_Stop_IT
                0x080062f0       0x5c ./Drivers/STM32G0xx_HAL_Driver/Src/stm32g0xx_hal_tim.o
                0x080062f0                HAL_TIM_Base_Stop_IT
 .text.HAL_TIM_IRQHandler
                0x0800634c      0x210 ./Drivers/STM32G0xx_HAL_Driver/Src/stm32g0xx_hal_tim.o
                0x0800634c                HAL_TIM_IRQHandler
 .text.HAL_TIM_ConfigClockSource
                0x0800655c      0x1ac ./Drivers/STM32G0xx_HAL_Driver/Src/stm32g0xx_hal_tim.o
                0x0800655c                HAL_TIM_ConfigClockSource
 .text.HAL_TIM_OC_DelayElapsedCallback
                0x08006708       0x10 ./Drivers/STM32G0xx_HAL_Driver/Src/stm32g0xx_hal_tim.o
                0x08006708                HAL_TIM_OC_DelayElapsedCallback
 .text.HAL_TIM_IC_CaptureCallback
                0x08006718       0x10 ./Drivers/STM32G0xx_HAL_Driver/Src/stm32g0xx_hal_tim.o
                0x08006718                HAL_TIM_IC_CaptureCallback
 .text.HAL_TIM_PWM_PulseFinishedCallback
                0x08006728       0x10 ./Drivers/STM32G0xx_HAL_Driver/Src/stm32g0xx_hal_tim.o
                0x08006728                HAL_TIM_PWM_PulseFinishedCallback
 .text.HAL_TIM_TriggerCallback
                0x08006738       0x10 ./Drivers/STM32G0xx_HAL_Driver/Src/stm32g0xx_hal_tim.o
                0x08006738                HAL_TIM_TriggerCallback
 .text.TIM_Base_SetConfig
                0x08006748      0x11c ./Drivers/STM32G0xx_HAL_Driver/Src/stm32g0xx_hal_tim.o
                0x08006748                TIM_Base_SetConfig
 .text.TIM_TI1_ConfigInputStage
                0x08006864       0x5c ./Drivers/STM32G0xx_HAL_Driver/Src/stm32g0xx_hal_tim.o
 .text.TIM_TI2_ConfigInputStage
                0x080068c0       0x64 ./Drivers/STM32G0xx_HAL_Driver/Src/stm32g0xx_hal_tim.o
 .text.TIM_ITRx_SetConfig
                0x08006924       0x38 ./Drivers/STM32G0xx_HAL_Driver/Src/stm32g0xx_hal_tim.o
 .text.TIM_ETR_SetConfig
                0x0800695c       0x40 ./Drivers/STM32G0xx_HAL_Driver/Src/stm32g0xx_hal_tim.o
                0x0800695c                TIM_ETR_SetConfig
 .text.HAL_TIMEx_MasterConfigSynchronization
                0x0800699c       0xdc ./Drivers/STM32G0xx_HAL_Driver/Src/stm32g0xx_hal_tim_ex.o
                0x0800699c                HAL_TIMEx_MasterConfigSynchronization
 .text.HAL_TIMEx_CommutCallback
                0x08006a78       0x10 ./Drivers/STM32G0xx_HAL_Driver/Src/stm32g0xx_hal_tim_ex.o
                0x08006a78                HAL_TIMEx_CommutCallback
 .text.HAL_TIMEx_BreakCallback
                0x08006a88       0x10 ./Drivers/STM32G0xx_HAL_Driver/Src/stm32g0xx_hal_tim_ex.o
                0x08006a88                HAL_TIMEx_BreakCallback
 .text.HAL_TIMEx_Break2Callback
                0x08006a98       0x10 ./Drivers/STM32G0xx_HAL_Driver/Src/stm32g0xx_hal_tim_ex.o
                0x08006a98                HAL_TIMEx_Break2Callback
 .text.memset   0x08006aa8       0x10 C:/ST/STM32CubeIDE_1.16.1/STM32CubeIDE/plugins/com.st.stm32cube.ide.mcu.externaltools.gnu-tools-for-stm32.12.3.rel1.win32_1.0.200.202406191623/tools/bin/../lib/gcc/arm-none-eabi/12.3.1/../../../../arm-none-eabi/lib/thumb/v6-m/nofp\libc_nano.a(libc_a-memset.o)
                0x08006aa8                memset
 .text.__libc_init_array
                0x08006ab8       0x48 C:/ST/STM32CubeIDE_1.16.1/STM32CubeIDE/plugins/com.st.stm32cube.ide.mcu.externaltools.gnu-tools-for-stm32.12.3.rel1.win32_1.0.200.202406191623/tools/bin/../lib/gcc/arm-none-eabi/12.3.1/../../../../arm-none-eabi/lib/thumb/v6-m/nofp\libc_nano.a(libc_a-init.o)
                0x08006ab8                __libc_init_array
 *(.glue_7)
 .glue_7        0x08006b00        0x0 linker stubs
 *(.glue_7t)
 .glue_7t       0x08006b00        0x0 linker stubs
 *(.eh_frame)
 .eh_frame      0x08006b00        0x0 C:/ST/STM32CubeIDE_1.16.1/STM32CubeIDE/plugins/com.st.stm32cube.ide.mcu.externaltools.gnu-tools-for-stm32.12.3.rel1.win32_1.0.200.202406191623/tools/bin/../lib/gcc/arm-none-eabi/12.3.1/thumb/v6-m/nofp/crtbegin.o
 *(.init)
 .init          0x08006b00        0x4 C:/ST/STM32CubeIDE_1.16.1/STM32CubeIDE/plugins/com.st.stm32cube.ide.mcu.externaltools.gnu-tools-for-stm32.12.3.rel1.win32_1.0.200.202406191623/tools/bin/../lib/gcc/arm-none-eabi/12.3.1/thumb/v6-m/nofp/crti.o
                0x08006b00                _init
 .init          0x08006b04        0x8 C:/ST/STM32CubeIDE_1.16.1/STM32CubeIDE/plugins/com.st.stm32cube.ide.mcu.externaltools.gnu-tools-for-stm32.12.3.rel1.win32_1.0.200.202406191623/tools/bin/../lib/gcc/arm-none-eabi/12.3.1/thumb/v6-m/nofp/crtn.o
 *(.fini)
 .fini          0x08006b0c        0x4 C:/ST/STM32CubeIDE_1.16.1/STM32CubeIDE/plugins/com.st.stm32cube.ide.mcu.externaltools.gnu-tools-for-stm32.12.3.rel1.win32_1.0.200.202406191623/tools/bin/../lib/gcc/arm-none-eabi/12.3.1/thumb/v6-m/nofp/crti.o
                0x08006b0c                _fini
 .fini          0x08006b10        0x8 C:/ST/STM32CubeIDE_1.16.1/STM32CubeIDE/plugins/com.st.stm32cube.ide.mcu.externaltools.gnu-tools-for-stm32.12.3.rel1.win32_1.0.200.202406191623/tools/bin/../lib/gcc/arm-none-eabi/12.3.1/thumb/v6-m/nofp/crtn.o
                0x08006b18                        . = ALIGN (0x4)
                0x08006b18                        _etext = .

.vfp11_veneer   0x08006b18        0x0
 .vfp11_veneer  0x08006b18        0x0 linker stubs

.v4_bx          0x08006b18        0x0
 .v4_bx         0x08006b18        0x0 linker stubs

.iplt           0x08006b18        0x0
 .iplt          0x08006b18        0x0 C:/ST/STM32CubeIDE_1.16.1/STM32CubeIDE/plugins/com.st.stm32cube.ide.mcu.externaltools.gnu-tools-for-stm32.12.3.rel1.win32_1.0.200.202406191623/tools/bin/../lib/gcc/arm-none-eabi/12.3.1/thumb/v6-m/nofp/crtbegin.o

.rodata         0x08006b18       0x40
                0x08006b18                        . = ALIGN (0x4)
 *(.rodata)
 *(.rodata*)
 .rodata.AHBPrescTable
                0x08006b18       0x40 ./Core/Src/system_stm32g0xx.o
                0x08006b18                AHBPrescTable
                0x08006b58                        . = ALIGN (0x4)

.ARM.extab      0x08006b58        0x0
                0x08006b58                        . = ALIGN (0x4)
 *(.ARM.extab* .gnu.linkonce.armextab.*)
                0x08006b58                        . = ALIGN (0x4)

.ARM            0x08006b58        0x0
                0x08006b58                        . = ALIGN (0x4)
                0x08006b58                        __exidx_start = .
 *(.ARM.exidx*)
                0x08006b58                        __exidx_end = .
                0x08006b58                        . = ALIGN (0x4)

.preinit_array  0x08006b58        0x0
                0x08006b58                        . = ALIGN (0x4)
                0x08006b58                        PROVIDE (__preinit_array_start = .)
 *(.preinit_array*)
                0x08006b58                        PROVIDE (__preinit_array_end = .)
                0x08006b58                        . = ALIGN (0x4)

.init_array     0x08006b58        0x4
                0x08006b58                        . = ALIGN (0x4)
                0x08006b58                        PROVIDE (__init_array_start = .)
 *(SORT_BY_NAME(.init_array.*))
 *(.init_array*)
 .init_array    0x08006b58        0x4 C:/ST/STM32CubeIDE_1.16.1/STM32CubeIDE/plugins/com.st.stm32cube.ide.mcu.externaltools.gnu-tools-for-stm32.12.3.rel1.win32_1.0.200.202406191623/tools/bin/../lib/gcc/arm-none-eabi/12.3.1/thumb/v6-m/nofp/crtbegin.o
                0x08006b5c                        PROVIDE (__init_array_end = .)
                0x08006b5c                        . = ALIGN (0x4)

.fini_array     0x08006b5c        0x4
                0x08006b5c                        . = ALIGN (0x4)
                [!provide]                        PROVIDE (__fini_array_start = .)
 *(SORT_BY_NAME(.fini_array.*))
 *(.fini_array*)
 .fini_array    0x08006b5c        0x4 C:/ST/STM32CubeIDE_1.16.1/STM32CubeIDE/plugins/com.st.stm32cube.ide.mcu.externaltools.gnu-tools-for-stm32.12.3.rel1.win32_1.0.200.202406191623/tools/bin/../lib/gcc/arm-none-eabi/12.3.1/thumb/v6-m/nofp/crtbegin.o
                [!provide]                        PROVIDE (__fini_array_end = .)
                0x08006b60                        . = ALIGN (0x4)
                0x08006b60                        _sidata = LOADADDR (.data)

.rel.dyn        0x08006b60        0x0
 .rel.iplt      0x08006b60        0x0 C:/ST/STM32CubeIDE_1.16.1/STM32CubeIDE/plugins/com.st.stm32cube.ide.mcu.externaltools.gnu-tools-for-stm32.12.3.rel1.win32_1.0.200.202406191623/tools/bin/../lib/gcc/arm-none-eabi/12.3.1/thumb/v6-m/nofp/crtbegin.o

.data           0x20000000       0x7c load address 0x08006b60
                0x20000000                        . = ALIGN (0x4)
                0x20000000                        _sdata = .
 *(.data)
 *(.data*)
 .data.button1_state
                0x20000000        0x1 ./Core/Src/main.o
                0x20000000                button1_state
 .data.button2_state
                0x20000001        0x1 ./Core/Src/main.o
                0x20000001                button2_state
 *fill*         0x20000002        0x2 
 .data.led1     0x20000004       0x18 ./Core/Src/main.o
                0x20000004                led1
 .data.led2     0x2000001c       0x18 ./Core/Src/main.o
                0x2000001c                led2
 .data.temperature
                0x20000034        0x1 ./Core/Src/main.o
                0x20000034                temperature
 *fill*         0x20000035        0x3 
 .data.i2cbuff  0x20000038        0x3 ./Core/Src/main.o
                0x20000038                i2cbuff
 *fill*         0x2000003b        0x1 
 .data.i2cbuff_IN
                0x2000003c        0x3 ./Core/Src/main.o
                0x2000003c                i2cbuff_IN
 *fill*         0x2000003f        0x1 
 .data.I2CInit_0
                0x20000040        0x2 ./Core/Src/main.o
                0x20000040                I2CInit_0
 *fill*         0x20000042        0x2 
 .data.I2CInit_1
                0x20000044        0x2 ./Core/Src/main.o
                0x20000044                I2CInit_1
 *fill*         0x20000046        0x2 
 .data.I2CInit_2
                0x20000048        0x2 ./Core/Src/main.o
                0x20000048                I2CInit_2
 *fill*         0x2000004a        0x2 
 .data.I2CInit_3
                0x2000004c        0x2 ./Core/Src/main.o
                0x2000004c                I2CInit_3
 *fill*         0x2000004e        0x2 
 .data.ledbufON
                0x20000050        0x3 ./Core/Src/main.o
                0x20000050                ledbufON
 *fill*         0x20000053        0x1 
 .data.ledbufOFF
                0x20000054        0x3 ./Core/Src/main.o
                0x20000054                ledbufOFF
 .data.LED_adr  0x20000057        0x1 ./Core/Src/main.o
                0x20000057                LED_adr
 .data.Dev_SLP_adr
                0x20000058        0x1 ./Core/Src/main.o
                0x20000058                Dev_SLP_adr
 .data.I2C_EXPAND_adr
                0x20000059        0x1 ./Core/Src/main.o
                0x20000059                I2C_EXPAND_adr
 .data.I2C_adapter_adr
                0x2000005a        0x1 ./Core/Src/main.o
                0x2000005a                I2C_adapter_adr
 *fill*         0x2000005b        0x1 
 .data.Dev_SLP_ON
                0x2000005c        0x3 ./Core/Src/main.o
                0x2000005c                Dev_SLP_ON
 *fill*         0x2000005f        0x1 
 .data.channel_one
                0x20000060        0x3 ./Core/Src/main.o
                0x20000060                channel_one
 *fill*         0x20000063        0x1 
 .data.channel_two
                0x20000064        0x3 ./Core/Src/main.o
                0x20000064                channel_two
 *fill*         0x20000067        0x1 
 .data.channel_three
                0x20000068        0x3 ./Core/Src/main.o
                0x20000068                channel_three
 .data.MB1_attach
                0x2000006b        0x1 ./Core/Src/main.o
                0x2000006b                MB1_attach
 .data.MB2_attach
                0x2000006c        0x1 ./Core/Src/main.o
                0x2000006c                MB2_attach
 *fill*         0x2000006d        0x3 
 .data.SystemCoreClock
                0x20000070        0x4 ./Core/Src/system_stm32g0xx.o
                0x20000070                SystemCoreClock
 .data.uwTickPrio
                0x20000074        0x4 ./Drivers/STM32G0xx_HAL_Driver/Src/stm32g0xx_hal.o
                0x20000074                uwTickPrio
 .data.uwTickFreq
                0x20000078        0x1 ./Drivers/STM32G0xx_HAL_Driver/Src/stm32g0xx_hal.o
                0x20000078                uwTickFreq
 *(.RamFunc)
 *(.RamFunc*)
                0x2000007c                        . = ALIGN (0x4)
 *fill*         0x20000079        0x3 
                0x2000007c                        _edata = .

.igot.plt       0x2000007c        0x0 load address 0x08006bdc
 .igot.plt      0x2000007c        0x0 C:/ST/STM32CubeIDE_1.16.1/STM32CubeIDE/plugins/com.st.stm32cube.ide.mcu.externaltools.gnu-tools-for-stm32.12.3.rel1.win32_1.0.200.202406191623/tools/bin/../lib/gcc/arm-none-eabi/12.3.1/thumb/v6-m/nofp/crtbegin.o
                0x2000007c                        . = ALIGN (0x4)

.bss            0x2000007c      0x368 load address 0x08006bdc
                0x2000007c                        _sbss = .
                0x2000007c                        __bss_start__ = _sbss
 *(.bss)
 .bss           0x2000007c       0x1c C:/ST/STM32CubeIDE_1.16.1/STM32CubeIDE/plugins/com.st.stm32cube.ide.mcu.externaltools.gnu-tools-for-stm32.12.3.rel1.win32_1.0.200.202406191623/tools/bin/../lib/gcc/arm-none-eabi/12.3.1/thumb/v6-m/nofp/crtbegin.o
 *(.bss*)
 .bss.hi2c2     0x20000098       0x54 ./Core/Src/main.o
                0x20000098                hi2c2
 .bss.hdma_i2c2_rx
                0x200000ec       0x5c ./Core/Src/main.o
                0x200000ec                hdma_i2c2_rx
 .bss.hdma_i2c2_tx
                0x20000148       0x5c ./Core/Src/main.o
                0x20000148                hdma_i2c2_tx
 .bss.hiwdg     0x200001a4       0x10 ./Core/Src/main.o
                0x200001a4                hiwdg
 .bss.htim1     0x200001b4       0x4c ./Core/Src/main.o
                0x200001b4                htim1
 .bss.htim2     0x20000200       0x4c ./Core/Src/main.o
                0x20000200                htim2
 .bss.htim3     0x2000024c       0x4c ./Core/Src/main.o
                0x2000024c                htim3
 .bss.flag_error
                0x20000298        0x1 ./Core/Src/main.o
                0x20000298                flag_error
 .bss.flag_update
                0x20000299        0x1 ./Core/Src/main.o
                0x20000299                flag_update
 *fill*         0x2000029a        0x2 
 .bss.disk_status
                0x2000029c        0x6 ./Core/Src/main.o
                0x2000029c                disk_status
 *fill*         0x200002a2        0x2 
 .bss.Buf_PRSTN
                0x200002a4        0x2 ./Core/Src/main.o
                0x200002a4                Buf_PRSTN
 *fill*         0x200002a6        0x2 
 .bss.disks     0x200002a8       0x60 ./Core/Src/main.o
                0x200002a8                disks
 .bss.diskPins  0x20000308       0xc0 ./Core/Src/main.o
                0x20000308                diskPins
 .bss.adapter1_state
                0x200003c8        0x1 ./Core/Src/main.o
                0x200003c8                adapter1_state
 .bss.adapter2_state
                0x200003c9        0x1 ./Core/Src/main.o
                0x200003c9                adapter2_state
 .bss.BP_ON     0x200003ca        0x1 ./Core/Src/main.o
                0x200003ca                BP_ON
 .bss.sgpio_started
                0x200003cb        0x1 ./Core/Src/main.o
                0x200003cb                sgpio_started
 .bss.Counter_sgpio_timeout
                0x200003cc        0x1 ./Core/Src/main.o
                0x200003cc                Counter_sgpio_timeout
 .bss.sgpio_timeout
                0x200003cd        0x1 ./Core/Src/main.o
                0x200003cd                sgpio_timeout
 .bss.button1_pressed
                0x200003ce        0x1 ./Core/Src/main.o
                0x200003ce                button1_pressed
 .bss.button2_pressed
                0x200003cf        0x1 ./Core/Src/main.o
                0x200003cf                button2_pressed
 .bss.button1_press_time
                0x200003d0        0x4 ./Core/Src/main.o
                0x200003d0                button1_press_time
 .bss.button2_press_time
                0x200003d4        0x4 ./Core/Src/main.o
                0x200003d4                button2_press_time
 .bss.update_led_flag
                0x200003d8        0x1 ./Core/Src/main.o
                0x200003d8                update_led_flag
 .bss.read_disk_status_flag
                0x200003d9        0x1 ./Core/Src/main.o
                0x200003d9                read_disk_status_flag
 .bss.transmit_temperature_flag
                0x200003da        0x1 ./Core/Src/main.o
                0x200003da                transmit_temperature_flag
 .bss.read_disks_connected_flag
                0x200003db        0x1 ./Core/Src/main.o
                0x200003db                read_disks_connected_flag
 .bss.blinkState.0
                0x200003dc        0x1 ./Core/Src/main.o
 *fill*         0x200003dd        0x3 
 .bss.uwTick    0x200003e0        0x4 ./Drivers/STM32G0xx_HAL_Driver/Src/stm32g0xx_hal.o
                0x200003e0                uwTick
 *(COMMON)
                0x200003e4                        . = ALIGN (0x4)
                0x200003e4                        _ebss = .
                0x200003e4                        __bss_end__ = _ebss

._user_heap_stack
                0x200003e4      0x604 load address 0x08006bdc
                0x200003e8                        . = ALIGN (0x8)
 *fill*         0x200003e4        0x4 
                [!provide]                        PROVIDE (end = .)
                0x200003e8                        PROVIDE (_end = .)
                0x200005e8                        . = (. + _Min_Heap_Size)
 *fill*         0x200003e8      0x200 
                0x200009e8                        . = (. + _Min_Stack_Size)
 *fill*         0x200005e8      0x400 
                0x200009e8                        . = ALIGN (0x8)

/DISCARD/
 libc.a(*)
 libm.a(*)
 libgcc.a(*)

.ARM.attributes
                0x00000000       0x28
 *(.ARM.attributes)
 .ARM.attributes
                0x00000000       0x1e C:/ST/STM32CubeIDE_1.16.1/STM32CubeIDE/plugins/com.st.stm32cube.ide.mcu.externaltools.gnu-tools-for-stm32.12.3.rel1.win32_1.0.200.202406191623/tools/bin/../lib/gcc/arm-none-eabi/12.3.1/thumb/v6-m/nofp/crti.o
 .ARM.attributes
                0x0000001e       0x2c C:/ST/STM32CubeIDE_1.16.1/STM32CubeIDE/plugins/com.st.stm32cube.ide.mcu.externaltools.gnu-tools-for-stm32.12.3.rel1.win32_1.0.200.202406191623/tools/bin/../lib/gcc/arm-none-eabi/12.3.1/thumb/v6-m/nofp/crtbegin.o
 .ARM.attributes
                0x0000004a       0x2c ./Core/Src/main.o
 .ARM.attributes
                0x00000076       0x2c ./Core/Src/stm32g0xx_hal_msp.o
 .ARM.attributes
                0x000000a2       0x2c ./Core/Src/stm32g0xx_it.o
 .ARM.attributes
                0x000000ce       0x2c ./Core/Src/system_stm32g0xx.o
 .ARM.attributes
                0x000000fa       0x22 ./Core/Startup/startup_stm32g071r8tx.o
 .ARM.attributes
                0x0000011c       0x2c ./Drivers/STM32G0xx_HAL_Driver/Src/stm32g0xx_hal.o
 .ARM.attributes
                0x00000148       0x2c ./Drivers/STM32G0xx_HAL_Driver/Src/stm32g0xx_hal_cortex.o
 .ARM.attributes
                0x00000174       0x2c ./Drivers/STM32G0xx_HAL_Driver/Src/stm32g0xx_hal_dma.o
 .ARM.attributes
                0x000001a0       0x2c ./Drivers/STM32G0xx_HAL_Driver/Src/stm32g0xx_hal_gpio.o
 .ARM.attributes
                0x000001cc       0x2c ./Drivers/STM32G0xx_HAL_Driver/Src/stm32g0xx_hal_i2c.o
 .ARM.attributes
                0x000001f8       0x2c ./Drivers/STM32G0xx_HAL_Driver/Src/stm32g0xx_hal_i2c_ex.o
 .ARM.attributes
                0x00000224       0x2c ./Drivers/STM32G0xx_HAL_Driver/Src/stm32g0xx_hal_iwdg.o
 .ARM.attributes
                0x00000250       0x2c ./Drivers/STM32G0xx_HAL_Driver/Src/stm32g0xx_hal_pwr_ex.o
 .ARM.attributes
                0x0000027c       0x2c ./Drivers/STM32G0xx_HAL_Driver/Src/stm32g0xx_hal_rcc.o
 .ARM.attributes
                0x000002a8       0x2c ./Drivers/STM32G0xx_HAL_Driver/Src/stm32g0xx_hal_rcc_ex.o
 .ARM.attributes
                0x000002d4       0x2c ./Drivers/STM32G0xx_HAL_Driver/Src/stm32g0xx_hal_tim.o
 .ARM.attributes
                0x00000300       0x2c ./Drivers/STM32G0xx_HAL_Driver/Src/stm32g0xx_hal_tim_ex.o
 .ARM.attributes
                0x0000032c       0x2c C:/ST/STM32CubeIDE_1.16.1/STM32CubeIDE/plugins/com.st.stm32cube.ide.mcu.externaltools.gnu-tools-for-stm32.12.3.rel1.win32_1.0.200.202406191623/tools/bin/../lib/gcc/arm-none-eabi/12.3.1/../../../../arm-none-eabi/lib/thumb/v6-m/nofp\libc_nano.a(libc_a-memset.o)
 .ARM.attributes
                0x00000358       0x2c C:/ST/STM32CubeIDE_1.16.1/STM32CubeIDE/plugins/com.st.stm32cube.ide.mcu.externaltools.gnu-tools-for-stm32.12.3.rel1.win32_1.0.200.202406191623/tools/bin/../lib/gcc/arm-none-eabi/12.3.1/../../../../arm-none-eabi/lib/thumb/v6-m/nofp\libc_nano.a(libc_a-init.o)
 .ARM.attributes
                0x00000384       0x1e C:/ST/STM32CubeIDE_1.16.1/STM32CubeIDE/plugins/com.st.stm32cube.ide.mcu.externaltools.gnu-tools-for-stm32.12.3.rel1.win32_1.0.200.202406191623/tools/bin/../lib/gcc/arm-none-eabi/12.3.1/thumb/v6-m/nofp\libgcc.a(_udivsi3.o)
 .ARM.attributes
                0x000003a2       0x1e C:/ST/STM32CubeIDE_1.16.1/STM32CubeIDE/plugins/com.st.stm32cube.ide.mcu.externaltools.gnu-tools-for-stm32.12.3.rel1.win32_1.0.200.202406191623/tools/bin/../lib/gcc/arm-none-eabi/12.3.1/thumb/v6-m/nofp\libgcc.a(_dvmd_tls.o)
 .ARM.attributes
                0x000003c0       0x1e C:/ST/STM32CubeIDE_1.16.1/STM32CubeIDE/plugins/com.st.stm32cube.ide.mcu.externaltools.gnu-tools-for-stm32.12.3.rel1.win32_1.0.200.202406191623/tools/bin/../lib/gcc/arm-none-eabi/12.3.1/thumb/v6-m/nofp/crtn.o
OUTPUT(PRVL.467143.005_aggregation_board.elf elf32-littlearm)
LOAD linker stubs
LOAD C:/ST/STM32CubeIDE_1.16.1/STM32CubeIDE/plugins/com.st.stm32cube.ide.mcu.externaltools.gnu-tools-for-stm32.12.3.rel1.win32_1.0.200.202406191623/tools/bin/../lib/gcc/arm-none-eabi/12.3.1/../../../../arm-none-eabi/lib/thumb/v6-m/nofp\libc.a
LOAD C:/ST/STM32CubeIDE_1.16.1/STM32CubeIDE/plugins/com.st.stm32cube.ide.mcu.externaltools.gnu-tools-for-stm32.12.3.rel1.win32_1.0.200.202406191623/tools/bin/../lib/gcc/arm-none-eabi/12.3.1/../../../../arm-none-eabi/lib/thumb/v6-m/nofp\libm.a
LOAD C:/ST/STM32CubeIDE_1.16.1/STM32CubeIDE/plugins/com.st.stm32cube.ide.mcu.externaltools.gnu-tools-for-stm32.12.3.rel1.win32_1.0.200.202406191623/tools/bin/../lib/gcc/arm-none-eabi/12.3.1/thumb/v6-m/nofp\libgcc.a

.debug_info     0x00000000     0xf134
 .debug_info    0x00000000     0x228e ./Core/Src/main.o
 .debug_info    0x0000228e     0x111d ./Core/Src/stm32g0xx_hal_msp.o
 .debug_info    0x000033ab      0xc13 ./Core/Src/stm32g0xx_it.o
 .debug_info    0x00003fbe      0x316 ./Core/Src/system_stm32g0xx.o
 .debug_info    0x000042d4       0x30 ./Core/Startup/startup_stm32g071r8tx.o
 .debug_info    0x00004304      0xa34 ./Drivers/STM32G0xx_HAL_Driver/Src/stm32g0xx_hal.o
 .debug_info    0x00004d38      0x8d9 ./Drivers/STM32G0xx_HAL_Driver/Src/stm32g0xx_hal_cortex.o
 .debug_info    0x00005611      0x860 ./Drivers/STM32G0xx_HAL_Driver/Src/stm32g0xx_hal_dma.o
 .debug_info    0x00005e71      0x5b9 ./Drivers/STM32G0xx_HAL_Driver/Src/stm32g0xx_hal_gpio.o
 .debug_info    0x0000642a     0x21c8 ./Drivers/STM32G0xx_HAL_Driver/Src/stm32g0xx_hal_i2c.o
 .debug_info    0x000085f2      0xa09 ./Drivers/STM32G0xx_HAL_Driver/Src/stm32g0xx_hal_i2c_ex.o
 .debug_info    0x00008ffb      0x23b ./Drivers/STM32G0xx_HAL_Driver/Src/stm32g0xx_hal_iwdg.o
 .debug_info    0x00009236      0x7c1 ./Drivers/STM32G0xx_HAL_Driver/Src/stm32g0xx_hal_pwr_ex.o
 .debug_info    0x000099f7      0xb1b ./Drivers/STM32G0xx_HAL_Driver/Src/stm32g0xx_hal_rcc.o
 .debug_info    0x0000a512      0x77f ./Drivers/STM32G0xx_HAL_Driver/Src/stm32g0xx_hal_rcc_ex.o
 .debug_info    0x0000ac91     0x2bc9 ./Drivers/STM32G0xx_HAL_Driver/Src/stm32g0xx_hal_tim.o
 .debug_info    0x0000d85a     0x18da ./Drivers/STM32G0xx_HAL_Driver/Src/stm32g0xx_hal_tim_ex.o

.debug_abbrev   0x00000000     0x24fe
 .debug_abbrev  0x00000000      0x42f ./Core/Src/main.o
 .debug_abbrev  0x0000042f      0x253 ./Core/Src/stm32g0xx_hal_msp.o
 .debug_abbrev  0x00000682      0x1c7 ./Core/Src/stm32g0xx_it.o
 .debug_abbrev  0x00000849      0x119 ./Core/Src/system_stm32g0xx.o
 .debug_abbrev  0x00000962       0x24 ./Core/Startup/startup_stm32g071r8tx.o
 .debug_abbrev  0x00000986      0x2b2 ./Drivers/STM32G0xx_HAL_Driver/Src/stm32g0xx_hal.o
 .debug_abbrev  0x00000c38      0x2ab ./Drivers/STM32G0xx_HAL_Driver/Src/stm32g0xx_hal_cortex.o
 .debug_abbrev  0x00000ee3      0x22b ./Drivers/STM32G0xx_HAL_Driver/Src/stm32g0xx_hal_dma.o
 .debug_abbrev  0x0000110e      0x1c8 ./Drivers/STM32G0xx_HAL_Driver/Src/stm32g0xx_hal_gpio.o
 .debug_abbrev  0x000012d6      0x291 ./Drivers/STM32G0xx_HAL_Driver/Src/stm32g0xx_hal_i2c.o
 .debug_abbrev  0x00001567      0x1e6 ./Drivers/STM32G0xx_HAL_Driver/Src/stm32g0xx_hal_i2c_ex.o
 .debug_abbrev  0x0000174d      0x166 ./Drivers/STM32G0xx_HAL_Driver/Src/stm32g0xx_hal_iwdg.o
 .debug_abbrev  0x000018b3      0x238 ./Drivers/STM32G0xx_HAL_Driver/Src/stm32g0xx_hal_pwr_ex.o
 .debug_abbrev  0x00001aeb      0x2aa ./Drivers/STM32G0xx_HAL_Driver/Src/stm32g0xx_hal_rcc.o
 .debug_abbrev  0x00001d95      0x229 ./Drivers/STM32G0xx_HAL_Driver/Src/stm32g0xx_hal_rcc_ex.o
 .debug_abbrev  0x00001fbe      0x298 ./Drivers/STM32G0xx_HAL_Driver/Src/stm32g0xx_hal_tim.o
 .debug_abbrev  0x00002256      0x2a8 ./Drivers/STM32G0xx_HAL_Driver/Src/stm32g0xx_hal_tim_ex.o

.debug_aranges  0x00000000      0xfb8
 .debug_aranges
                0x00000000      0x158 ./Core/Src/main.o
 .debug_aranges
                0x00000158       0x40 ./Core/Src/stm32g0xx_hal_msp.o
 .debug_aranges
                0x00000198       0x80 ./Core/Src/stm32g0xx_it.o
 .debug_aranges
                0x00000218       0x28 ./Core/Src/system_stm32g0xx.o
 .debug_aranges
                0x00000240       0x28 ./Core/Startup/startup_stm32g071r8tx.o
 .debug_aranges
                0x00000268      0x120 ./Drivers/STM32G0xx_HAL_Driver/Src/stm32g0xx_hal.o
 .debug_aranges
                0x00000388       0xe8 ./Drivers/STM32G0xx_HAL_Driver/Src/stm32g0xx_hal_cortex.o
 .debug_aranges
                0x00000470       0x90 ./Drivers/STM32G0xx_HAL_Driver/Src/stm32g0xx_hal_dma.o
 .debug_aranges
                0x00000500       0x60 ./Drivers/STM32G0xx_HAL_Driver/Src/stm32g0xx_hal_gpio.o
 .debug_aranges
                0x00000560      0x2a0 ./Drivers/STM32G0xx_HAL_Driver/Src/stm32g0xx_hal_i2c.o
 .debug_aranges
                0x00000800       0x48 ./Drivers/STM32G0xx_HAL_Driver/Src/stm32g0xx_hal_i2c_ex.o
 .debug_aranges
                0x00000848       0x28 ./Drivers/STM32G0xx_HAL_Driver/Src/stm32g0xx_hal_iwdg.o
 .debug_aranges
                0x00000870       0xf0 ./Drivers/STM32G0xx_HAL_Driver/Src/stm32g0xx_hal_pwr_ex.o
 .debug_aranges
                0x00000960       0xa0 ./Drivers/STM32G0xx_HAL_Driver/Src/stm32g0xx_hal_rcc.o
 .debug_aranges
                0x00000a00       0x40 ./Drivers/STM32G0xx_HAL_Driver/Src/stm32g0xx_hal_rcc_ex.o
 .debug_aranges
                0x00000a40      0x3e0 ./Drivers/STM32G0xx_HAL_Driver/Src/stm32g0xx_hal_tim.o
 .debug_aranges
                0x00000e20      0x198 ./Drivers/STM32G0xx_HAL_Driver/Src/stm32g0xx_hal_tim_ex.o

.debug_rnglists
                0x00000000      0xc53
 .debug_rnglists
                0x00000000      0x115 ./Core/Src/main.o
 .debug_rnglists
                0x00000115       0x2d ./Core/Src/stm32g0xx_hal_msp.o
 .debug_rnglists
                0x00000142       0x5b ./Core/Src/stm32g0xx_it.o
 .debug_rnglists
                0x0000019d       0x1a ./Core/Src/system_stm32g0xx.o
 .debug_rnglists
                0x000001b7       0x19 ./Core/Startup/startup_stm32g071r8tx.o
 .debug_rnglists
                0x000001d0       0xd4 ./Drivers/STM32G0xx_HAL_Driver/Src/stm32g0xx_hal.o
 .debug_rnglists
                0x000002a4       0xaa ./Drivers/STM32G0xx_HAL_Driver/Src/stm32g0xx_hal_cortex.o
 .debug_rnglists
                0x0000034e       0x72 ./Drivers/STM32G0xx_HAL_Driver/Src/stm32g0xx_hal_dma.o
 .debug_rnglists
                0x000003c0       0x45 ./Drivers/STM32G0xx_HAL_Driver/Src/stm32g0xx_hal_gpio.o
 .debug_rnglists
                0x00000405      0x229 ./Drivers/STM32G0xx_HAL_Driver/Src/stm32g0xx_hal_i2c.o
 .debug_rnglists
                0x0000062e       0x35 ./Drivers/STM32G0xx_HAL_Driver/Src/stm32g0xx_hal_i2c_ex.o
 .debug_rnglists
                0x00000663       0x1a ./Drivers/STM32G0xx_HAL_Driver/Src/stm32g0xx_hal_iwdg.o
 .debug_rnglists
                0x0000067d       0xb5 ./Drivers/STM32G0xx_HAL_Driver/Src/stm32g0xx_hal_pwr_ex.o
 .debug_rnglists
                0x00000732       0x79 ./Drivers/STM32G0xx_HAL_Driver/Src/stm32g0xx_hal_rcc.o
 .debug_rnglists
                0x000007ab       0x30 ./Drivers/STM32G0xx_HAL_Driver/Src/stm32g0xx_hal_rcc_ex.o
 .debug_rnglists
                0x000007db      0x32a ./Drivers/STM32G0xx_HAL_Driver/Src/stm32g0xx_hal_tim.o
 .debug_rnglists
                0x00000b05      0x14e ./Drivers/STM32G0xx_HAL_Driver/Src/stm32g0xx_hal_tim_ex.o

.debug_macro    0x00000000    0x182fb
 .debug_macro   0x00000000      0x21b ./Core/Src/main.o
 .debug_macro   0x0000021b      0xa8a ./Core/Src/main.o
 .debug_macro   0x00000ca5      0x123 ./Core/Src/main.o
 .debug_macro   0x00000dc8       0x2e ./Core/Src/main.o
 .debug_macro   0x00000df6       0x28 ./Core/Src/main.o
 .debug_macro   0x00000e1e       0x22 ./Core/Src/main.o
 .debug_macro   0x00000e40       0x8e ./Core/Src/main.o
 .debug_macro   0x00000ece       0x51 ./Core/Src/main.o
 .debug_macro   0x00000f1f      0x103 ./Core/Src/main.o
 .debug_macro   0x00001022       0x6a ./Core/Src/main.o
 .debug_macro   0x0000108c      0x1df ./Core/Src/main.o
 .debug_macro   0x0000126b       0x1c ./Core/Src/main.o
 .debug_macro   0x00001287       0x22 ./Core/Src/main.o
 .debug_macro   0x000012a9       0xd1 ./Core/Src/main.o
 .debug_macro   0x0000137a      0x4da ./Core/Src/main.o
 .debug_macro   0x00001854      0x11f ./Core/Src/main.o
 .debug_macro   0x00001973     0xc753 ./Core/Src/main.o
 .debug_macro   0x0000e0c6       0x66 ./Core/Src/main.o
 .debug_macro   0x0000e12c     0x350e ./Core/Src/main.o
 .debug_macro   0x0001163a      0x189 ./Core/Src/main.o
 .debug_macro   0x000117c3       0x5c ./Core/Src/main.o
 .debug_macro   0x0001181f      0x56c ./Core/Src/main.o
 .debug_macro   0x00011d8b     0x1122 ./Core/Src/main.o
 .debug_macro   0x00012ead      0x264 ./Core/Src/main.o
 .debug_macro   0x00013111      0x1cf ./Core/Src/main.o
 .debug_macro   0x000132e0      0x1d8 ./Core/Src/main.o
 .debug_macro   0x000134b8      0x426 ./Core/Src/main.o
 .debug_macro   0x000138de      0x280 ./Core/Src/main.o
 .debug_macro   0x00013b5e      0x3a7 ./Core/Src/main.o
 .debug_macro   0x00013f05      0x1b2 ./Core/Src/main.o
 .debug_macro   0x000140b7       0x43 ./Core/Src/main.o
 .debug_macro   0x000140fa      0x1f1 ./Core/Src/main.o
 .debug_macro   0x000142eb      0x1d6 ./Core/Src/main.o
 .debug_macro   0x000144c1      0x38a ./Core/Src/main.o
 .debug_macro   0x0001484b       0x28 ./Core/Src/main.o
 .debug_macro   0x00014873       0xe4 ./Core/Src/main.o
 .debug_macro   0x00014957      0x22c ./Core/Src/main.o
 .debug_macro   0x00014b83       0x67 ./Core/Src/main.o
 .debug_macro   0x00014bea       0xa5 ./Core/Src/main.o
 .debug_macro   0x00014c8f       0x85 ./Core/Src/main.o
 .debug_macro   0x00014d14      0x125 ./Core/Src/main.o
 .debug_macro   0x00014e39      0x240 ./Core/Src/main.o
 .debug_macro   0x00015079      0xad0 ./Core/Src/main.o
 .debug_macro   0x00015b49      0x1a1 ./Core/Src/main.o
 .debug_macro   0x00015cea      0x4f2 ./Core/Src/main.o
 .debug_macro   0x000161dc      0x26e ./Core/Src/main.o
 .debug_macro   0x0001644a      0x1fd ./Core/Src/stm32g0xx_hal_msp.o
 .debug_macro   0x00016647      0x207 ./Core/Src/stm32g0xx_it.o
 .debug_macro   0x0001684e      0x1ee ./Core/Src/system_stm32g0xx.o
 .debug_macro   0x00016a3c      0x212 ./Drivers/STM32G0xx_HAL_Driver/Src/stm32g0xx_hal.o
 .debug_macro   0x00016c4e      0x1ee ./Drivers/STM32G0xx_HAL_Driver/Src/stm32g0xx_hal_cortex.o
 .debug_macro   0x00016e3c      0x1ee ./Drivers/STM32G0xx_HAL_Driver/Src/stm32g0xx_hal_dma.o
 .debug_macro   0x0001702a      0x1f5 ./Drivers/STM32G0xx_HAL_Driver/Src/stm32g0xx_hal_gpio.o
 .debug_macro   0x0001721f      0x2ba ./Drivers/STM32G0xx_HAL_Driver/Src/stm32g0xx_hal_i2c.o
 .debug_macro   0x000174d9      0x1ee ./Drivers/STM32G0xx_HAL_Driver/Src/stm32g0xx_hal_i2c_ex.o
 .debug_macro   0x000176c7      0x1fc ./Drivers/STM32G0xx_HAL_Driver/Src/stm32g0xx_hal_iwdg.o
 .debug_macro   0x000178c3      0x218 ./Drivers/STM32G0xx_HAL_Driver/Src/stm32g0xx_hal_pwr_ex.o
 .debug_macro   0x00017adb      0x230 ./Drivers/STM32G0xx_HAL_Driver/Src/stm32g0xx_hal_rcc.o
 .debug_macro   0x00017d0b      0x206 ./Drivers/STM32G0xx_HAL_Driver/Src/stm32g0xx_hal_rcc_ex.o
 .debug_macro   0x00017f11      0x1f6 ./Drivers/STM32G0xx_HAL_Driver/Src/stm32g0xx_hal_tim.o
 .debug_macro   0x00018107      0x1f4 ./Drivers/STM32G0xx_HAL_Driver/Src/stm32g0xx_hal_tim_ex.o

.debug_line     0x00000000    0x1329f
 .debug_line    0x00000000     0x1830 ./Core/Src/main.o
 .debug_line    0x00001830      0x8d4 ./Core/Src/stm32g0xx_hal_msp.o
 .debug_line    0x00002104      0x8dd ./Core/Src/stm32g0xx_it.o
 .debug_line    0x000029e1      0x81a ./Core/Src/system_stm32g0xx.o
 .debug_line    0x000031fb       0x7b ./Core/Startup/startup_stm32g071r8tx.o
 .debug_line    0x00003276      0xb50 ./Drivers/STM32G0xx_HAL_Driver/Src/stm32g0xx_hal.o
 .debug_line    0x00003dc6      0xbf5 ./Drivers/STM32G0xx_HAL_Driver/Src/stm32g0xx_hal_cortex.o
 .debug_line    0x000049bb      0xdf7 ./Drivers/STM32G0xx_HAL_Driver/Src/stm32g0xx_hal_dma.o
 .debug_line    0x000057b2      0xbd9 ./Drivers/STM32G0xx_HAL_Driver/Src/stm32g0xx_hal_gpio.o
 .debug_line    0x0000638b     0x3a92 ./Drivers/STM32G0xx_HAL_Driver/Src/stm32g0xx_hal_i2c.o
 .debug_line    0x00009e1d      0x9c5 ./Drivers/STM32G0xx_HAL_Driver/Src/stm32g0xx_hal_i2c_ex.o
 .debug_line    0x0000a7e2      0x833 ./Drivers/STM32G0xx_HAL_Driver/Src/stm32g0xx_hal_iwdg.o
 .debug_line    0x0000b015      0xb39 ./Drivers/STM32G0xx_HAL_Driver/Src/stm32g0xx_hal_pwr_ex.o
 .debug_line    0x0000bb4e      0xf79 ./Drivers/STM32G0xx_HAL_Driver/Src/stm32g0xx_hal_rcc.o
 .debug_line    0x0000cac7      0xdaa ./Drivers/STM32G0xx_HAL_Driver/Src/stm32g0xx_hal_rcc_ex.o
 .debug_line    0x0000d871     0x3d4f ./Drivers/STM32G0xx_HAL_Driver/Src/stm32g0xx_hal_tim.o
 .debug_line    0x000115c0     0x1cdf ./Drivers/STM32G0xx_HAL_Driver/Src/stm32g0xx_hal_tim_ex.o

.debug_str      0x00000000    0x9c347
 .debug_str     0x00000000    0x98727 ./Core/Src/main.o
                              0x98e2c (size before relaxing)
 .debug_str     0x00098727      0x20c ./Core/Src/stm32g0xx_hal_msp.o
                              0x983a2 (size before relaxing)
 .debug_str     0x00098933      0x1aa ./Core/Src/stm32g0xx_it.o
                              0x97fee (size before relaxing)
 .debug_str     0x00098add       0x8e ./Core/Src/system_stm32g0xx.o
                              0x96a97 (size before relaxing)
 .debug_str     0x00098b6b       0x44 ./Core/Startup/startup_stm32g071r8tx.o
                                 0x8b (size before relaxing)
 .debug_str     0x00098baf      0x551 ./Drivers/STM32G0xx_HAL_Driver/Src/stm32g0xx_hal.o
                              0x97294 (size before relaxing)
 .debug_str     0x00099100      0x29f ./Drivers/STM32G0xx_HAL_Driver/Src/stm32g0xx_hal_cortex.o
                              0x96f5e (size before relaxing)
 .debug_str     0x0009939f      0x288 ./Drivers/STM32G0xx_HAL_Driver/Src/stm32g0xx_hal_dma.o
                              0x96f31 (size before relaxing)
 .debug_str     0x00099627       0xf9 ./Drivers/STM32G0xx_HAL_Driver/Src/stm32g0xx_hal_gpio.o
                              0x96be0 (size before relaxing)
 .debug_str     0x00099720      0xd3c ./Drivers/STM32G0xx_HAL_Driver/Src/stm32g0xx_hal_i2c.o
                              0x97e5a (size before relaxing)
 .debug_str     0x0009a45c       0xb8 ./Drivers/STM32G0xx_HAL_Driver/Src/stm32g0xx_hal_i2c_ex.o
                              0x970d6 (size before relaxing)
 .debug_str     0x0009a514       0xe2 ./Drivers/STM32G0xx_HAL_Driver/Src/stm32g0xx_hal_iwdg.o
                              0x96afd (size before relaxing)
 .debug_str     0x0009a5f6      0x38b ./Drivers/STM32G0xx_HAL_Driver/Src/stm32g0xx_hal_pwr_ex.o
                              0x96f24 (size before relaxing)
 .debug_str     0x0009a981      0x473 ./Drivers/STM32G0xx_HAL_Driver/Src/stm32g0xx_hal_rcc.o
                              0x971ed (size before relaxing)
 .debug_str     0x0009adf4      0x17b ./Drivers/STM32G0xx_HAL_Driver/Src/stm32g0xx_hal_rcc_ex.o
                              0x96e61 (size before relaxing)
 .debug_str     0x0009af6f      0xddf ./Drivers/STM32G0xx_HAL_Driver/Src/stm32g0xx_hal_tim.o
                              0x97fd9 (size before relaxing)
 .debug_str     0x0009bd4e      0x5f9 ./Drivers/STM32G0xx_HAL_Driver/Src/stm32g0xx_hal_tim_ex.o
                              0x97967 (size before relaxing)

.comment        0x00000000       0x43
 .comment       0x00000000       0x43 ./Core/Src/main.o
                                 0x44 (size before relaxing)
 .comment       0x00000043       0x44 ./Core/Src/stm32g0xx_hal_msp.o
 .comment       0x00000043       0x44 ./Core/Src/stm32g0xx_it.o
 .comment       0x00000043       0x44 ./Core/Src/system_stm32g0xx.o
 .comment       0x00000043       0x44 ./Drivers/STM32G0xx_HAL_Driver/Src/stm32g0xx_hal.o
 .comment       0x00000043       0x44 ./Drivers/STM32G0xx_HAL_Driver/Src/stm32g0xx_hal_cortex.o
 .comment       0x00000043       0x44 ./Drivers/STM32G0xx_HAL_Driver/Src/stm32g0xx_hal_dma.o
 .comment       0x00000043       0x44 ./Drivers/STM32G0xx_HAL_Driver/Src/stm32g0xx_hal_gpio.o
 .comment       0x00000043       0x44 ./Drivers/STM32G0xx_HAL_Driver/Src/stm32g0xx_hal_i2c.o
 .comment       0x00000043       0x44 ./Drivers/STM32G0xx_HAL_Driver/Src/stm32g0xx_hal_i2c_ex.o
 .comment       0x00000043       0x44 ./Drivers/STM32G0xx_HAL_Driver/Src/stm32g0xx_hal_iwdg.o
 .comment       0x00000043       0x44 ./Drivers/STM32G0xx_HAL_Driver/Src/stm32g0xx_hal_pwr_ex.o
 .comment       0x00000043       0x44 ./Drivers/STM32G0xx_HAL_Driver/Src/stm32g0xx_hal_rcc.o
 .comment       0x00000043       0x44 ./Drivers/STM32G0xx_HAL_Driver/Src/stm32g0xx_hal_rcc_ex.o
 .comment       0x00000043       0x44 ./Drivers/STM32G0xx_HAL_Driver/Src/stm32g0xx_hal_tim.o
 .comment       0x00000043       0x44 ./Drivers/STM32G0xx_HAL_Driver/Src/stm32g0xx_hal_tim_ex.o

.debug_frame    0x00000000     0x38f4
 .debug_frame   0x00000000      0x500 ./Core/Src/main.o
 .debug_frame   0x00000500       0xb0 ./Core/Src/stm32g0xx_hal_msp.o
 .debug_frame   0x000005b0      0x17c ./Core/Src/stm32g0xx_it.o
 .debug_frame   0x0000072c       0x4c ./Core/Src/system_stm32g0xx.o
 .debug_frame   0x00000778      0x3dc ./Drivers/STM32G0xx_HAL_Driver/Src/stm32g0xx_hal.o
 .debug_frame   0x00000b54      0x33c ./Drivers/STM32G0xx_HAL_Driver/Src/stm32g0xx_hal_cortex.o
 .debug_frame   0x00000e90      0x1f0 ./Drivers/STM32G0xx_HAL_Driver/Src/stm32g0xx_hal_dma.o
 .debug_frame   0x00001080      0x130 ./Drivers/STM32G0xx_HAL_Driver/Src/stm32g0xx_hal_gpio.o
 .debug_frame   0x000011b0      0xa68 ./Drivers/STM32G0xx_HAL_Driver/Src/stm32g0xx_hal_i2c.o
 .debug_frame   0x00001c18       0xd0 ./Drivers/STM32G0xx_HAL_Driver/Src/stm32g0xx_hal_i2c_ex.o
 .debug_frame   0x00001ce8       0x50 ./Drivers/STM32G0xx_HAL_Driver/Src/stm32g0xx_hal_iwdg.o
 .debug_frame   0x00001d38      0x32c ./Drivers/STM32G0xx_HAL_Driver/Src/stm32g0xx_hal_pwr_ex.o
 .debug_frame   0x00002064      0x214 ./Drivers/STM32G0xx_HAL_Driver/Src/stm32g0xx_hal_rcc.o
 .debug_frame   0x00002278       0xb0 ./Drivers/STM32G0xx_HAL_Driver/Src/stm32g0xx_hal_rcc_ex.o
 .debug_frame   0x00002328      0xf40 ./Drivers/STM32G0xx_HAL_Driver/Src/stm32g0xx_hal_tim.o
 .debug_frame   0x00003268      0x620 ./Drivers/STM32G0xx_HAL_Driver/Src/stm32g0xx_hal_tim_ex.o
 .debug_frame   0x00003888       0x20 C:/ST/STM32CubeIDE_1.16.1/STM32CubeIDE/plugins/com.st.stm32cube.ide.mcu.externaltools.gnu-tools-for-stm32.12.3.rel1.win32_1.0.200.202406191623/tools/bin/../lib/gcc/arm-none-eabi/12.3.1/../../../../arm-none-eabi/lib/thumb/v6-m/nofp\libc_nano.a(libc_a-memset.o)
 .debug_frame   0x000038a8       0x2c C:/ST/STM32CubeIDE_1.16.1/STM32CubeIDE/plugins/com.st.stm32cube.ide.mcu.externaltools.gnu-tools-for-stm32.12.3.rel1.win32_1.0.200.202406191623/tools/bin/../lib/gcc/arm-none-eabi/12.3.1/../../../../arm-none-eabi/lib/thumb/v6-m/nofp\libc_nano.a(libc_a-init.o)
 .debug_frame   0x000038d4       0x20 C:/ST/STM32CubeIDE_1.16.1/STM32CubeIDE/plugins/com.st.stm32cube.ide.mcu.externaltools.gnu-tools-for-stm32.12.3.rel1.win32_1.0.200.202406191623/tools/bin/../lib/gcc/arm-none-eabi/12.3.1/thumb/v6-m/nofp\libgcc.a(_udivsi3.o)

.debug_line_str
                0x00000000       0x6f
 .debug_line_str
                0x00000000       0x6f ./Core/Startup/startup_stm32g071r8tx.o
