../Core/Src/main.c:197:6:UpdateLED	24	static
../Core/Src/main.c:231:6:StartBlinking	24	static
../Core/Src/main.c:239:6:HandleButtonAction	16	static
../Core/Src/main.c:287:5:main	24	static
../Core/Src/main.c:368:6:SystemClock_Config	88	static
../Core/Src/main.c:416:13:MX_NVIC_Init	8	static
../Core/Src/main.c:443:13:MX_I2C2_Init	8	static
../Core/Src/main.c:491:13:MX_TIM1_Init	40	static
../Core/Src/main.c:538:13:MX_TIM2_Init	40	static
../Core/Src/main.c:583:13:MX_TIM3_Init	40	static
../Core/Src/main.c:626:13:MX_DMA_Init	16	static
../Core/Src/main.c:639:13:MX_GPIO_Init	56	static
../Core/Src/main.c:750:6:Set_devslp	16	static
../Core/Src/main.c:777:6:Initialize_Disks	16	static
../Core/Src/main.c:787:6:Update_Disk_Status	24	static
../Core/Src/main.c:794:6:Process_SGPIO_Data	48	static
../Core/Src/main.c:811:6:ResetBus	8	static
../Core/Src/main.c:835:6:Set_Led	16	static
../Core/Src/main.c:848:6:Set_Led_On	16	static
../Core/Src/main.c:862:6:Set_Led_Off	16	static
../Core/Src/main.c:870:6:Led_Init	16	static
../Core/Src/main.c:895:9:ReadTemperature	16	static
../Core/Src/main.c:915:6:Read_disks_connected	16	static
../Core/Src/main.c:1093:6:Read_Register	24	static
../Core/Src/main.c:1103:6:UpdateLEDStates	24	static
../Core/Src/main.c:1188:6:InitializeDiskPins	8	static
../Core/Src/main.c:1246:6:HandleButton	24	static
../Core/Src/main.c:1275:6:BlinkLED	32	static
../Core/Src/main.c:1287:6:PowerOnAdapter	16	static
../Core/Src/main.c:1323:6:PowerOffAdapter	16	static
../Core/Src/main.c:1335:6:UpdateCPU_PSON	8	static
../Core/Src/main.c:1348:6:RebootAdapter	16	static
../Core/Src/main.c:1358:6:HAL_TIM_PeriodElapsedCallback	16	static
../Core/Src/main.c:1385:6:ProcessPins	32	static
../Core/Src/main.c:1409:6:HAL_GPIO_EXTI_Rising_Callback	24	static
../Core/Src/main.c:1436:6:HAL_GPIO_EXTI_Falling_Callback	24	static
../Core/Src/main.c:1467:6:Error_Handler	8	static,ignoring_inline_asm
