../Core/Src/main.c:191:6:UpdateLED	24	static
../Core/Src/main.c:212:6:StartBlinking	24	static
../Core/Src/main.c:219:6:HandleButtonAction	16	static
../Core/Src/main.c:267:5:main	8	static,ignoring_inline_asm
../Core/Src/main.c:385:6:SystemClock_Config	88	static
../Core/Src/main.c:433:13:MX_NVIC_Init	8	static
../Core/Src/main.c:460:13:MX_I2C2_Init	8	static
../Core/Src/main.c:508:13:MX_TIM1_Init	40	static
../Core/Src/main.c:555:13:MX_TIM2_Init	40	static
../Core/Src/main.c:600:13:MX_TIM3_Init	40	static
../Core/Src/main.c:643:13:MX_DMA_Init	16	static
../Core/Src/main.c:656:13:MX_GPIO_Init	56	static
../Core/Src/main.c:767:6:Set_devslp	16	static
../Core/Src/main.c:794:6:Initialize_Disks	16	static
../Core/Src/main.c:804:6:Update_Disk_Status	24	static
../Core/Src/main.c:811:6:Process_SGPIO_Data	48	static
../Core/Src/main.c:828:6:ResetBus	8	static
../Core/Src/main.c:852:6:Set_Led	8	static
../Core/Src/main.c:862:6:Set_Led_On	16	static
../Core/Src/main.c:876:6:Set_Led_Off	16	static
../Core/Src/main.c:884:6:Led_Init	16	static
../Core/Src/main.c:908:9:ReadTemperature	16	static
../Core/Src/main.c:926:6:UpdateDriveStatus	24	static
../Core/Src/main.c:939:6:Read_disks_connected	16	static
../Core/Src/main.c:1134:6:Read_Register	16	static
../Core/Src/main.c:1144:6:UpdateLEDStates	24	static
../Core/Src/main.c:1228:6:InitializeDiskPins	8	static
../Core/Src/main.c:1286:6:HandleButton	24	static
../Core/Src/main.c:1315:6:BlinkLED	32	static
../Core/Src/main.c:1327:6:PowerOnAdapter	16	static
../Core/Src/main.c:1359:6:PowerOffAdapter	16	static
../Core/Src/main.c:1371:6:UpdateCPU_PSON	8	static
../Core/Src/main.c:1384:6:RebootAdapter	16	static
../Core/Src/main.c:1391:6:HAL_TIM_PeriodElapsedCallback	16	static
../Core/Src/main.c:1407:6:HAL_GPIO_EXTI_Rising_Callback	24	static
../Core/Src/main.c:1434:6:HAL_GPIO_EXTI_Falling_Callback	24	static
../Core/Src/main.c:1465:6:Error_Handler	8	static,ignoring_inline_asm
