../Core/Src/stm32g0xx_it.c:74:6:NMI_Handler	8	static
../Core/Src/stm32g0xx_it.c:90:6:HardFault_Handler	8	static
../Core/Src/stm32g0xx_it.c:105:6:SVC_Handler	8	static
../Core/Src/stm32g0xx_it.c:118:6:PendSV_Handler	8	static
../Core/Src/stm32g0xx_it.c:131:6:SysTick_Handler	8	static
../Core/Src/stm32g0xx_it.c:152:6:RCC_IRQHandler	8	static
../Core/Src/stm32g0xx_it.c:165:6:EXTI4_15_IRQHandler	8	static
../Core/Src/stm32g0xx_it.c:180:6:DMA1_Channel1_IRQHandler	8	static
../Core/Src/stm32g0xx_it.c:194:6:DMA1_Channel2_3_IRQHandler	8	static
../Core/Src/stm32g0xx_it.c:208:6:TIM1_BRK_UP_TRG_COM_IRQHandler	8	static
../Core/Src/stm32g0xx_it.c:222:6:TIM2_IRQHandler	8	static
../Core/Src/stm32g0xx_it.c:236:6:TIM3_IRQHandler	8	static
../Core/Src/stm32g0xx_it.c:250:6:I2C2_IRQHandler	8	static
